Archive member included because of file (symbol)

c:/dave-ide-4.4.2-64bit/dave-ide-4.4.2-64bit/eclipse/arm-gcc-49/bin/../lib/gcc/arm-none-eabi/4.9.3/../../../../arm-none-eabi/lib/armv7e-m/softfp\libm.a(lib_a-w_asin.o)
                              ./Sources/ADC.o (asin)
c:/dave-ide-4.4.2-64bit/dave-ide-4.4.2-64bit/eclipse/arm-gcc-49/bin/../lib/gcc/arm-none-eabi/4.9.3/../../../../arm-none-eabi/lib/armv7e-m/softfp\libm.a(lib_a-e_asin.o)
                              c:/dave-ide-4.4.2-64bit/dave-ide-4.4.2-64bit/eclipse/arm-gcc-49/bin/../lib/gcc/arm-none-eabi/4.9.3/../../../../arm-none-eabi/lib/armv7e-m/softfp\libm.a(lib_a-w_asin.o) (__ieee754_asin)
c:/dave-ide-4.4.2-64bit/dave-ide-4.4.2-64bit/eclipse/arm-gcc-49/bin/../lib/gcc/arm-none-eabi/4.9.3/../../../../arm-none-eabi/lib/armv7e-m/softfp\libm.a(lib_a-e_sqrt.o)
                              c:/dave-ide-4.4.2-64bit/dave-ide-4.4.2-64bit/eclipse/arm-gcc-49/bin/../lib/gcc/arm-none-eabi/4.9.3/../../../../arm-none-eabi/lib/armv7e-m/softfp\libm.a(lib_a-e_asin.o) (__ieee754_sqrt)
c:/dave-ide-4.4.2-64bit/dave-ide-4.4.2-64bit/eclipse/arm-gcc-49/bin/../lib/gcc/arm-none-eabi/4.9.3/../../../../arm-none-eabi/lib/armv7e-m/softfp\libm.a(lib_a-s_fabs.o)
                              c:/dave-ide-4.4.2-64bit/dave-ide-4.4.2-64bit/eclipse/arm-gcc-49/bin/../lib/gcc/arm-none-eabi/4.9.3/../../../../arm-none-eabi/lib/armv7e-m/softfp\libm.a(lib_a-w_asin.o) (fabs)
c:/dave-ide-4.4.2-64bit/dave-ide-4.4.2-64bit/eclipse/arm-gcc-49/bin/../lib/gcc/arm-none-eabi/4.9.3/../../../../arm-none-eabi/lib/armv7e-m/softfp\libm.a(lib_a-s_fpclassify.o)
                              c:/dave-ide-4.4.2-64bit/dave-ide-4.4.2-64bit/eclipse/arm-gcc-49/bin/../lib/gcc/arm-none-eabi/4.9.3/../../../../arm-none-eabi/lib/armv7e-m/softfp\libm.a(lib_a-w_asin.o) (__fpclassifyd)
c:/dave-ide-4.4.2-64bit/dave-ide-4.4.2-64bit/eclipse/arm-gcc-49/bin/../lib/gcc/arm-none-eabi/4.9.3/../../../../arm-none-eabi/lib/armv7e-m/softfp\libm.a(lib_a-s_lib_ver.o)
                              c:/dave-ide-4.4.2-64bit/dave-ide-4.4.2-64bit/eclipse/arm-gcc-49/bin/../lib/gcc/arm-none-eabi/4.9.3/../../../../arm-none-eabi/lib/armv7e-m/softfp\libm.a(lib_a-w_asin.o) (__fdlib_version)
c:/dave-ide-4.4.2-64bit/dave-ide-4.4.2-64bit/eclipse/arm-gcc-49/bin/../lib/gcc/arm-none-eabi/4.9.3/../../../../arm-none-eabi/lib/armv7e-m/softfp\libm.a(lib_a-s_matherr.o)
                              c:/dave-ide-4.4.2-64bit/dave-ide-4.4.2-64bit/eclipse/arm-gcc-49/bin/../lib/gcc/arm-none-eabi/4.9.3/../../../../arm-none-eabi/lib/armv7e-m/softfp\libm.a(lib_a-w_asin.o) (matherr)
c:/dave-ide-4.4.2-64bit/dave-ide-4.4.2-64bit/eclipse/arm-gcc-49/bin/../lib/gcc/arm-none-eabi/4.9.3/../../../../arm-none-eabi/lib/armv7e-m/softfp\libm.a(lib_a-s_nan.o)
                              c:/dave-ide-4.4.2-64bit/dave-ide-4.4.2-64bit/eclipse/arm-gcc-49/bin/../lib/gcc/arm-none-eabi/4.9.3/../../../../arm-none-eabi/lib/armv7e-m/softfp\libm.a(lib_a-w_asin.o) (nan)
c:/dave-ide-4.4.2-64bit/dave-ide-4.4.2-64bit/eclipse/arm-gcc-49/bin/../lib/gcc/arm-none-eabi/4.9.3/armv7e-m/softfp\libgcc.a(_arm_addsubdf3.o)
                              ./Sources/ADC.o (__aeabi_dsub)
c:/dave-ide-4.4.2-64bit/dave-ide-4.4.2-64bit/eclipse/arm-gcc-49/bin/../lib/gcc/arm-none-eabi/4.9.3/armv7e-m/softfp\libgcc.a(_arm_muldivdf3.o)
                              ./Sources/ADC.o (__aeabi_dmul)
c:/dave-ide-4.4.2-64bit/dave-ide-4.4.2-64bit/eclipse/arm-gcc-49/bin/../lib/gcc/arm-none-eabi/4.9.3/armv7e-m/softfp\libgcc.a(_arm_cmpdf2.o)
                              c:/dave-ide-4.4.2-64bit/dave-ide-4.4.2-64bit/eclipse/arm-gcc-49/bin/../lib/gcc/arm-none-eabi/4.9.3/../../../../arm-none-eabi/lib/armv7e-m/softfp\libm.a(lib_a-w_asin.o) (__aeabi_dcmpgt)
c:/dave-ide-4.4.2-64bit/dave-ide-4.4.2-64bit/eclipse/arm-gcc-49/bin/../lib/gcc/arm-none-eabi/4.9.3/armv7e-m/softfp\libgcc.a(_arm_fixunsdfsi.o)
                              ./Sources/ADC.o (__aeabi_d2uiz)
c:/dave-ide-4.4.2-64bit/dave-ide-4.4.2-64bit/eclipse/arm-gcc-49/bin/../lib/gcc/arm-none-eabi/4.9.3/../../../../arm-none-eabi/lib/armv7e-m/softfp\libc_nano.a(lib_a-calloc.o)
                              ./Sources/UDP.o (calloc)
c:/dave-ide-4.4.2-64bit/dave-ide-4.4.2-64bit/eclipse/arm-gcc-49/bin/../lib/gcc/arm-none-eabi/4.9.3/../../../../arm-none-eabi/lib/armv7e-m/softfp\libc_nano.a(lib_a-errno.o)
                              ./Libraries/Newlib/syscalls.o (__errno)
c:/dave-ide-4.4.2-64bit/dave-ide-4.4.2-64bit/eclipse/arm-gcc-49/bin/../lib/gcc/arm-none-eabi/4.9.3/../../../../arm-none-eabi/lib/armv7e-m/softfp\libc_nano.a(lib_a-impure.o)
                              c:/dave-ide-4.4.2-64bit/dave-ide-4.4.2-64bit/eclipse/arm-gcc-49/bin/../lib/gcc/arm-none-eabi/4.9.3/../../../../arm-none-eabi/lib/armv7e-m/softfp\libc_nano.a(lib_a-calloc.o) (_impure_ptr)
c:/dave-ide-4.4.2-64bit/dave-ide-4.4.2-64bit/eclipse/arm-gcc-49/bin/../lib/gcc/arm-none-eabi/4.9.3/../../../../arm-none-eabi/lib/armv7e-m/softfp\libc_nano.a(lib_a-init.o)
[...]
Memory Configuration

Name             Origin             Length             Attributes
FLASH_1_cached   0x08000000         0x00200000         xr
FLASH_1_uncached 0x0c000000         0x00200000         xr
PSRAM_1          0x1ffe8000         0x00018000         !xr
DSRAM_1_system   0x20000000         0x00020000         !xr
DSRAM_2_comm     0x20020000         0x00020000         !xr
SRAM_combined    0x1ffe8000         0x00058000         !xr
*default*        0x00000000         0xffffffff

Linker script and memory map

LOAD ./Startup/startup_XMC4700.o
LOAD ./Startup/system_XMC4700.o
LOAD ./Sources/ADC.o
LOAD ./Sources/GyroAcc.o
LOAD ./Sources/SPI.o
LOAD ./Sources/UDP.o
LOAD ./Sources/tools.o
LOAD ./Libraries/XMCLib/src/xmc4_eru.o
LOAD ./Libraries/XMCLib/src/xmc4_flash.o
LOAD ./Libraries/XMCLib/src/xmc4_gpio.o
LOAD ./Libraries/XMCLib/src/xmc4_rtc.o
LOAD ./Libraries/XMCLib/src/xmc4_scu.o
LOAD ./Libraries/XMCLib/src/xmc_can.o
LOAD ./Libraries/XMCLib/src/xmc_ccu4.o
LOAD ./Libraries/XMCLib/src/xmc_ccu8.o
LOAD ./Libraries/XMCLib/src/xmc_common.o
LOAD ./Libraries/XMCLib/src/xmc_dac.o
LOAD ./Libraries/XMCLib/src/xmc_dma.o
LOAD ./Libraries/XMCLib/src/xmc_dsd.o
LOAD ./Libraries/XMCLib/src/xmc_ebu.o
LOAD ./Libraries/XMCLib/src/xmc_ecat.o
LOAD ./Libraries/XMCLib/src/xmc_eru.o
LOAD ./Libraries/XMCLib/src/xmc_eth_mac.o
LOAD ./Libraries/XMCLib/src/xmc_eth_phy_dp83848.o
LOAD ./Libraries/XMCLib/src/xmc_eth_phy_ksz8031rnl.o
LOAD ./Libraries/XMCLib/src/xmc_eth_phy_ksz8081rnb.o
LOAD ./Libraries/XMCLib/src/xmc_fce.o
LOAD ./Libraries/XMCLib/src/xmc_gpio.o
LOAD ./Libraries/XMCLib/src/xmc_hrpwm.o
LOAD ./Libraries/XMCLib/src/xmc_i2c.o
LOAD ./Libraries/XMCLib/src/xmc_i2s.o
LOAD ./Libraries/XMCLib/src/xmc_ledts.o
LOAD ./Libraries/XMCLib/src/xmc_posif.o
LOAD ./Libraries/XMCLib/src/xmc_rtc.o
LOAD ./Libraries/XMCLib/src/xmc_sdmmc.o
LOAD ./Libraries/XMCLib/src/xmc_spi.o
LOAD ./Libraries/XMCLib/src/xmc_uart.o
LOAD ./Libraries/XMCLib/src/xmc_usbd.o
LOAD ./Libraries/XMCLib/src/xmc_usbh.o
LOAD ./Libraries/XMCLib/src/xmc_usic.o
LOAD ./Libraries/XMCLib/src/xmc_vadc.o
LOAD ./Libraries/XMCLib/src/xmc_wdt.o
LOAD ./Libraries/Newlib/syscalls.o
LOAD ./Dave/Generated/UART/uart.o
LOAD ./Dave/Generated/UART/uart_conf.o
LOAD ./Dave/Generated/SYSTIMER/systimer.o
LOAD ./Dave/Generated/SYSTIMER/systimer_conf.o
LOAD ./Dave/Generated/SPI_MASTER/spi_master.o
LOAD ./Dave/Generated/SPI_MASTER/spi_master_conf.o
LOAD ./Dave/Generated/GLOBAL_ADC/global_adc.o
LOAD ./Dave/Generated/GLOBAL_ADC/global_adc_conf.o
LOAD ./Dave/Generated/ETH_LWIP/lwip/port/netif/ethernetif.o
LOAD ./Dave/Generated/ETH_LWIP/lwip/port/memcpy.o
LOAD ./Dave/Generated/ETH_LWIP/lwip/port/sys_arch.o
LOAD ./Dave/Generated/ETH_LWIP/lwip/netif/ethernet.o
LOAD ./Dave/Generated/ETH_LWIP/lwip/core/ipv6/dhcp6.o
LOAD ./Dave/Generated/ETH_LWIP/lwip/core/ipv6/ethip6.o
LOAD ./Dave/Generated/ETH_LWIP/lwip/core/ipv6/icmp6.o
LOAD ./Dave/Generated/ETH_LWIP/lwip/core/ipv6/inet6.o
LOAD ./Dave/Generated/ETH_LWIP/lwip/core/ipv6/ip6.o
LOAD ./Dave/Generated/ETH_LWIP/lwip/core/ipv6/ip6_addr.o
LOAD ./Dave/Generated/ETH_LWIP/lwip/core/ipv6/ip6_frag.o
LOAD ./Dave/Generated/ETH_LWIP/lwip/core/ipv6/mld6.o
LOAD ./Dave/Generated/ETH_LWIP/lwip/core/ipv6/nd6.o
LOAD ./Dave/Generated/ETH_LWIP/lwip/core/ipv4/autoip.o
LOAD ./Dave/Generated/ETH_LWIP/lwip/core/ipv4/dhcp.o
LOAD ./Dave/Generated/ETH_LWIP/lwip/core/ipv4/etharp.o
LOAD ./Dave/Generated/ETH_LWIP/lwip/core/ipv4/icmp.o
LOAD ./Dave/Generated/ETH_LWIP/lwip/core/ipv4/igmp.o
LOAD ./Dave/Generated/ETH_LWIP/lwip/core/ipv4/ip4.o
LOAD ./Dave/Generated/ETH_LWIP/lwip/core/ipv4/ip4_addr.o
LOAD ./Dave/Generated/ETH_LWIP/lwip/core/ipv4/ip4_frag.o
LOAD ./Dave/Generated/ETH_LWIP/lwip/core/def.o
LOAD ./Dave/Generated/ETH_LWIP/lwip/core/dns.o
LOAD ./Dave/Generated/ETH_LWIP/lwip/core/inet_chksum.o
LOAD ./Dave/Generated/ETH_LWIP/lwip/core/init.o
LOAD ./Dave/Generated/ETH_LWIP/lwip/core/ip.o
LOAD ./Dave/Generated/ETH_LWIP/lwip/core/mem.o
LOAD ./Dave/Generated/ETH_LWIP/lwip/core/memp.o
LOAD ./Dave/Generated/ETH_LWIP/lwip/core/netif.o
LOAD ./Dave/Generated/ETH_LWIP/lwip/core/pbuf.o
LOAD ./Dave/Generated/ETH_LWIP/lwip/core/raw.o
LOAD ./Dave/Generated/ETH_LWIP/lwip/core/stats.o
LOAD ./Dave/Generated/ETH_LWIP/lwip/core/sys.o
LOAD ./Dave/Generated/ETH_LWIP/lwip/core/tcp.o
LOAD ./Dave/Generated/ETH_LWIP/lwip/core/tcp_in.o
LOAD ./Dave/Generated/ETH_LWIP/lwip/core/tcp_out.o
LOAD ./Dave/Generated/ETH_LWIP/lwip/core/timeouts.o
LOAD ./Dave/Generated/ETH_LWIP/lwip/core/udp.o
LOAD ./Dave/Generated/ETH_LWIP/lwip/api/api_lib.o
LOAD ./Dave/Generated/ETH_LWIP/lwip/api/api_msg.o
LOAD ./Dave/Generated/ETH_LWIP/lwip/api/err.o
LOAD ./Dave/Generated/ETH_LWIP/lwip/api/netbuf.o
LOAD ./Dave/Generated/ETH_LWIP/lwip/api/netdb.o
LOAD ./Dave/Generated/ETH_LWIP/lwip/api/netifapi.o
LOAD ./Dave/Generated/ETH_LWIP/lwip/api/sockets.o
LOAD ./Dave/Generated/ETH_LWIP/lwip/api/tcpip.o
LOAD ./Dave/Generated/ETH_LWIP/eth_lwip.o
LOAD ./Dave/Generated/ETH_LWIP/eth_lwip_conf.o
LOAD ./Dave/Generated/ETH_LWIP/xmc_eth_phy_dp83848.o
LOAD ./Dave/Generated/ETH_LWIP/xmc_eth_phy_ksz8031rnl.o
LOAD ./Dave/Generated/ETH_LWIP/xmc_eth_phy_ksz8081rnl.o
LOAD ./Dave/Generated/CPU_CTRL_XMC4/cpu_ctrl_xmc4.o
LOAD ./Dave/Generated/CPU_CTRL_XMC4/cpu_ctrl_xmc4_conf.o
LOAD ./Dave/Generated/CLOCK_XMC4/clock_xmc4.o
LOAD ./Dave/Generated/CLOCK_XMC4/clock_xmc4_conf.o
LOAD ./Dave/Generated/BUS_IO/bus_io.o
LOAD ./Dave/Generated/BUS_IO/bus_io_conf.o
LOAD ./Dave/Generated/ADC_MEASUREMENT_ADV/adc_measurement_adv.o
LOAD ./Dave/Generated/ADC_MEASUREMENT_ADV/adc_measurement_adv_conf.o
LOAD ./Dave/Generated/DAVE.o
LOAD ./main.o
LOAD c:/dave-ide-4.4.2-64bit/dave-ide-4.4.2-64bit/eclipse/arm-gcc-49/bin/../lib/gcc/arm-none-eabi/4.9.3/../../../../arm-none-eabi/lib/armv7e-m/softfp\libm.a
START GROUP
LOAD c:/dave-ide-4.4.2-64bit/dave-ide-4.4.2-64bit/eclipse/arm-gcc-49/bin/../lib/gcc/arm-none-eabi/4.9.3/armv7e-m/softfp\libgcc.a
LOAD c:/dave-ide-4.4.2-64bit/dave-ide-4.4.2-64bit/eclipse/arm-gcc-49/bin/../lib/gcc/arm-none-eabi/4.9.3/../../../../arm-none-eabi/lib/armv7e-m/softfp\libc_nano.a
END GROUP
START GROUP
LOAD c:/dave-ide-4.4.2-64bit/dave-ide-4.4.2-64bit/eclipse/arm-gcc-49/bin/../lib/gcc/arm-none-eabi/4.9.3/armv7e-m/softfp\libgcc.a
LOAD c:/dave-ide-4.4.2-64bit/dave-ide-4.4.2-64bit/eclipse/arm-gcc-49/bin/../lib/gcc/arm-none-eabi/4.9.3/../../../../arm-none-eabi/lib/armv7e-m/softfp\libc_nano.a
LOAD c:/dave-ide-4.4.2-64bit/dave-ide-4.4.2-64bit/eclipse/arm-gcc-49/bin/../lib/gcc/arm-none-eabi/4.9.3/../../../../arm-none-eabi/lib/armv7e-m/softfp\libnosys.a
END GROUP
START GROUP
LOAD c:/dave-ide-4.4.2-64bit/dave-ide-4.4.2-64bit/eclipse/arm-gcc-49/bin/../lib/gcc/arm-none-eabi/4.9.3/armv7e-m/softfp\libgcc.a
LOAD c:/dave-ide-4.4.2-64bit/dave-ide-4.4.2-64bit/eclipse/arm-gcc-49/bin/../lib/gcc/arm-none-eabi/4.9.3/../../../../arm-none-eabi/lib/armv7e-m/softfp\libc_nano.a
LOAD c:/dave-ide-4.4.2-64bit/dave-ide-4.4.2-64bit/eclipse/arm-gcc-49/bin/../lib/gcc/arm-none-eabi/4.9.3/../../../../arm-none-eabi/lib/armv7e-m/softfp\libnosys.a
END GROUP
                0x00000800                stack_size = DEFINED (stack_size)?stack_size:0x800
                0x00000040                no_init_size = 0x40

.text           0x08000000     0x8364 load address 0x0c000000
                0x08000000                sText = .
 *(.reset)
 .reset         0x08000000      0x29c ./Startup/startup_XMC4700.o
                0x08000000                __Vectors
                0x08000200                Reset_Handler
                0x08000298                DSD0_7_IRQHandler
                0x08000298                DebugMon_Handler
                0x08000298                VADC0_C0_0_IRQHandler
                0x08000298                CAN0_4_IRQHandler
                0x08000298                VADC0_G2_0_IRQHandler
                0x08000298                POSIF0_0_IRQHandler
                0x08000298                POSIF1_0_IRQHandler
                0x08000298                HardFault_Handler
                0x08000298                VADC0_G1_1_IRQHandler
                0x08000298                PendSV_Handler
                0x08000298                NMI_Handler
                0x08000298                CCU40_2_IRQHandler
                0x08000298                SCU_0_IRQHandler
                0x08000298                ERU0_0_IRQHandler
                0x08000298                CCU41_0_IRQHandler
                0x08000298                USIC1_5_IRQHandler
                0x08000298                DSD0_4_IRQHandler
                0x08000298                CCU80_1_IRQHandler
                0x08000298                CCU81_0_IRQHandler
                0x08000298                UsageFault_Handler
                0x08000298                USIC0_0_IRQHandler
                0x08000298                POSIF1_1_IRQHandler
                0x08000298                ERU0_2_IRQHandler
                0x08000298                CCU81_1_IRQHandler
                0x08000298                ERU1_1_IRQHandler
                0x08000298                VADC0_G2_3_IRQHandler
                0x08000298                VADC0_G2_2_IRQHandler
                0x08000298                CCU42_3_IRQHandler
                0x08000298                ERU0_3_IRQHandler
                0x08000298                DSD0_5_IRQHandler
                0x08000298                VADC0_C0_3_IRQHandler
                0x08000298                CAN0_6_IRQHandler
                0x08000298                CCU43_0_IRQHandler
                0x08000298                VADC0_G0_1_IRQHandler
                0x08000298                CCU81_2_IRQHandler
                0x08000298                USIC2_4_IRQHandler
                0x08000298                CCU81_3_IRQHandler
                0x08000298                CCU42_1_IRQHandler
                0x08000298                USIC2_5_IRQHandler
                0x08000298                CCU40_0_IRQHandler
                0x08000298                CAN0_0_IRQHandler
                0x08000298                ERU1_0_IRQHandler
                0x08000298                CCU42_2_IRQHandler
                0x08000298                Default_Handler
                0x08000298                USIC1_4_IRQHandler
                0x08000298                ERU1_3_IRQHandler
                0x08000298                POSIF0_1_IRQHandler
                0x08000298                VADC0_G0_0_IRQHandler
                0x08000298                DSD0_2_IRQHandler
                0x08000298                CCU80_3_IRQHandler
                0x08000298                CCU41_3_IRQHandler
                0x08000298                CCU80_2_IRQHandler
                0x08000298                VADC0_G1_3_IRQHandler
                0x08000298                VADC0_G0_3_IRQHandler
                0x08000298                GPDMA0_0_IRQHandler
                0x08000298                PMU0_0_IRQHandler
                0x08000298                CAN0_7_IRQHandler
                0x08000298                DSD0_1_IRQHandler
                0x08000298                CCU41_2_IRQHandler
                0x08000298                VADC0_C0_1_IRQHandler
                0x08000298                CCU43_2_IRQHandler
                0x08000298                USIC2_2_IRQHandler
                0x08000298                MemManage_Handler
                0x08000298                VADC0_G3_1_IRQHandler
                0x08000298                DAC0_0_IRQHandler
                0x08000298                SVC_Handler
                0x08000298                VADC0_G3_3_IRQHandler
                0x08000298                ERU1_2_IRQHandler
                0x08000298                CCU41_1_IRQHandler
                0x08000298                DSD0_6_IRQHandler
                0x08000298                CCU43_1_IRQHandler
                0x08000298                VADC0_G1_2_IRQHandler
                0x08000298                USIC2_3_IRQHandler
                0x08000298                CAN0_2_IRQHandler
                0x08000298                USIC2_0_IRQHandler
                0x08000298                VADC0_G0_2_IRQHandler
                0x08000298                VADC0_G2_1_IRQHandler
                0x08000298                CAN0_3_IRQHandler
                0x08000298                DSD0_0_IRQHandler
                0x08000298                VADC0_C0_2_IRQHandler
                0x08000298                CCU42_0_IRQHandler
                0x08000298                FCE0_0_IRQHandler
                0x08000298                VADC0_G1_0_IRQHandler
                0x08000298                USB0_0_IRQHandler
                0x08000298                CAN0_5_IRQHandler
                0x08000298                CCU80_0_IRQHandler
                0x08000298                CCU40_1_IRQHandler
                0x08000298                USIC2_1_IRQHandler
                0x08000298                VADC0_G3_2_IRQHandler
                0x08000298                CCU40_3_IRQHandler
                0x08000298                BusFault_Handler
                0x08000298                LEDTS0_0_IRQHandler
                0x08000298                CCU43_3_IRQHandler
                0x08000298                ERU0_1_IRQHandler
                0x08000298                VADC0_G3_0_IRQHandler
                0x08000298                DSD0_3_IRQHandler
                0x08000298                SDMMC0_0_IRQHandler
                0x08000298                CAN0_1_IRQHandler
                0x08000298                USIC0_2_IRQHandler
                0x08000298                DAC0_1_IRQHandler
                0x08000298                GPDMA1_0_IRQHandler
 *(.text .text.* .gnu.linkonce.t.*)
 .text.SystemCoreClockUpdate
                0x0800029c       0x88 ./Startup/system_XMC4700.o
                0x0800029c                SystemCoreClockUpdate
 .text.SystemInit
                0x08000324       0x30 ./Startup/system_XMC4700.o
                0x08000324                SystemInit
 .text.bmi055_start
                0x08000354       0x6c ./Sources/GyroAcc.o
                0x08000354                bmi055_start
 .text.spi_flushrxbuffer
                0x080003c0       0x20 ./Sources/SPI.o
                0x080003c0                spi_flushrxbuffer
 .text.udp_echo_recv
                0x080003e0       0x40 ./Sources/UDP.o
                0x080003e0                udp_echo_recv
 .text.udp_initialize
                0x08000420       0x40 ./Sources/UDP.o
                0x08000420                udp_initialize
 .text.udp_fillBuffer
                0x08000460       0x38 ./Sources/UDP.o
                0x08000460                udp_fillBuffer
 .text.udp_printStruct
                0x08000498       0xdc ./Sources/UDP.o
                0x08000498                udp_printStruct
 .text.cycledelay
                0x08000574       0x18 ./Sources/tools.o
                0x08000574                cycledelay
 .text.XMC_GPIO_Init
                0x0800058c       0x88 ./Libraries/XMCLib/src/xmc4_gpio.o
                0x0800058c                XMC_GPIO_Init
 .text.XMC_SCU_lDelay
                0x08000614       0x2c ./Libraries/XMCLib/src/xmc4_scu.o
 .text.XMC_SCU_RESET_DeassertPeripheralReset
                0x08000640       0x14 ./Libraries/XMCLib/src/xmc4_scu.o
                0x08000640                XMC_SCU_RESET_DeassertPeripheralReset
 .text.XMC_SCU_RESET_IsPeripheralResetAsserted
                0x08000654       0x1e ./Libraries/XMCLib/src/xmc4_scu.o
                0x08000654                XMC_SCU_RESET_IsPeripheralResetAsserted
 *fill*         0x08000672        0x2 
 .text.XMC_SCU_CLOCK_GetPeripheralClockFrequency
                0x08000674       0x18 ./Libraries/XMCLib/src/xmc4_scu.o
                0x08000674                XMC_SCU_CLOCK_GetPeripheralClockFrequency
 .text.XMC_SCU_CLOCK_SetSystemClockSource
                0x0800068c       0x14 ./Libraries/XMCLib/src/xmc4_scu.o
                0x0800068c                XMC_SCU_CLOCK_SetSystemClockSource
 .text.XMC_SCU_CLOCK_SetUsbClockSource
                0x080006a0       0x14 ./Libraries/XMCLib/src/xmc4_scu.o
                0x080006a0                XMC_SCU_CLOCK_SetUsbClockSource
 .text.XMC_SCU_CLOCK_SetWdtClockSource
                0x080006b4       0x14 ./Libraries/XMCLib/src/xmc4_scu.o
                0x080006b4                XMC_SCU_CLOCK_SetWdtClockSource
 .text.XMC_SCU_CLOCK_SetSystemPllClockSource
                0x080006c8       0x20 ./Libraries/XMCLib/src/xmc4_scu.o
                0x080006c8                XMC_SCU_CLOCK_SetSystemPllClockSource
 .text.XMC_SCU_HIB_SetRtcClockSource
                0x080006e8       0x20 ./Libraries/XMCLib/src/xmc4_scu.o
                0x080006e8                XMC_SCU_HIB_SetRtcClockSource
 .text.XMC_SCU_HIB_SetStandbyClockSource
                0x08000708       0x20 ./Libraries/XMCLib/src/xmc4_scu.o
                0x08000708                XMC_SCU_HIB_SetStandbyClockSource
 .text.XMC_SCU_CLOCK_SetSystemClockDivider
                0x08000728       0x14 ./Libraries/XMCLib/src/xmc4_scu.o
                0x08000728                XMC_SCU_CLOCK_SetSystemClockDivider
 .text.XMC_SCU_CLOCK_SetCcuClockDivider
                0x0800073c       0x14 ./Libraries/XMCLib/src/xmc4_scu.o
                0x0800073c                XMC_SCU_CLOCK_SetCcuClockDivider
 .text.XMC_SCU_CLOCK_SetCpuClockDivider
                0x08000750       0x14 ./Libraries/XMCLib/src/xmc4_scu.o
                0x08000750                XMC_SCU_CLOCK_SetCpuClockDivider
 .text.XMC_SCU_CLOCK_SetPeripheralClockDivider
                0x08000764       0x14 ./Libraries/XMCLib/src/xmc4_scu.o
                0x08000764                XMC_SCU_CLOCK_SetPeripheralClockDivider
 .text.XMC_SCU_CLOCK_SetUsbClockDivider
                0x08000778       0x14 ./Libraries/XMCLib/src/xmc4_scu.o
                0x08000778                XMC_SCU_CLOCK_SetUsbClockDivider
 .text.XMC_SCU_CLOCK_SetEbuClockDivider
                0x0800078c       0x14 ./Libraries/XMCLib/src/xmc4_scu.o
                0x0800078c                XMC_SCU_CLOCK_SetEbuClockDivider
 .text.XMC_SCU_CLOCK_SetWdtClockDivider
                0x080007a0       0x14 ./Libraries/XMCLib/src/xmc4_scu.o
                0x080007a0                XMC_SCU_CLOCK_SetWdtClockDivider
 .text.XMC_SCU_CLOCK_EnableClock
                0x080007b4        0xc ./Libraries/XMCLib/src/xmc4_scu.o
                0x080007b4                XMC_SCU_CLOCK_EnableClock
 .text.XMC_SCU_CLOCK_UngatePeripheralClock
                0x080007c0       0x14 ./Libraries/XMCLib/src/xmc4_scu.o
                0x080007c0                XMC_SCU_CLOCK_UngatePeripheralClock
 .text.XMC_SCU_CLOCK_StartUsbPll
                0x080007d4       0x44 ./Libraries/XMCLib/src/xmc4_scu.o
                0x080007d4                XMC_SCU_CLOCK_StartUsbPll
 .text.XMC_SCU_CLOCK_SetBackupClockCalibrationMode
                0x08000818       0x34 ./Libraries/XMCLib/src/xmc4_scu.o
                0x08000818                XMC_SCU_CLOCK_SetBackupClockCalibrationMode
 .text.XMC_SCU_HIB_EnableHibernateDomain
                0x0800084c       0x34 ./Libraries/XMCLib/src/xmc4_scu.o
                0x0800084c                XMC_SCU_HIB_EnableHibernateDomain
 .text.XMC_SCU_CLOCK_IsLowPowerOscillatorStable
                0x08000880       0x14 ./Libraries/XMCLib/src/xmc4_scu.o
                0x08000880                XMC_SCU_CLOCK_IsLowPowerOscillatorStable
 .text.XMC_SCU_CLOCK_EnableLowPowerOscillator
                0x08000894       0x4c ./Libraries/XMCLib/src/xmc4_scu.o
                0x08000894                XMC_SCU_CLOCK_EnableLowPowerOscillator
 .text.XMC_SCU_CLOCK_EnableHighPerformanceOscillator
                0x080008e0       0x40 ./Libraries/XMCLib/src/xmc4_scu.o
                0x080008e0                XMC_SCU_CLOCK_EnableHighPerformanceOscillator
 .text.XMC_SCU_CLOCK_IsHighPerformanceOscillatorStable
                0x08000920       0x18 ./Libraries/XMCLib/src/xmc4_scu.o
                0x08000920                XMC_SCU_CLOCK_IsHighPerformanceOscillatorStable
 .text.XMC_SCU_CLOCK_EnableSystemPll
                0x08000938       0x14 ./Libraries/XMCLib/src/xmc4_scu.o
                0x08000938                XMC_SCU_CLOCK_EnableSystemPll
 .text.XMC_SCU_CLOCK_DisableSystemPll
                0x0800094c       0x14 ./Libraries/XMCLib/src/xmc4_scu.o
                0x0800094c                XMC_SCU_CLOCK_DisableSystemPll
 .text.XMC_SCU_CLOCK_StepSystemPllFrequency
                0x08000960       0x1c ./Libraries/XMCLib/src/xmc4_scu.o
                0x08000960                XMC_SCU_CLOCK_StepSystemPllFrequency
 .text.XMC_SCU_CLOCK_StartSystemPll
                0x0800097c       0xe8 ./Libraries/XMCLib/src/xmc4_scu.o
                0x0800097c                XMC_SCU_CLOCK_StartSystemPll
 .text.XMC_SCU_CLOCK_Init
                0x08000a64       0x9c ./Libraries/XMCLib/src/xmc4_scu.o
                0x08000a64                XMC_SCU_CLOCK_Init
 .text.XMC_ETH_MAC_InitRxDescriptors
                0x08000b00       0x50 ./Libraries/XMCLib/src/xmc_eth_mac.o
                0x08000b00                XMC_ETH_MAC_InitRxDescriptors
 .text.XMC_ETH_MAC_InitTxDescriptors
                0x08000b50       0x4c ./Libraries/XMCLib/src/xmc_eth_mac.o
                0x08000b50                XMC_ETH_MAC_InitTxDescriptors
 .text.XMC_ETH_MAC_InitEx
                0x08000b9c       0x70 ./Libraries/XMCLib/src/xmc_eth_mac.o
                0x08000b9c                XMC_ETH_MAC_InitEx
 .text.XMC_ETH_MAC_GetRxFrameSize
                0x08000c0c       0x2a ./Libraries/XMCLib/src/xmc_eth_mac.o
                0x08000c0c                XMC_ETH_MAC_GetRxFrameSize
 *fill*         0x08000c36        0x2 
 .text.XMC_ETH_MAC_SetManagmentClockDivider
                0x08000c38       0x78 ./Libraries/XMCLib/src/xmc_eth_mac.o
                0x08000c38                XMC_ETH_MAC_SetManagmentClockDivider
 .text.XMC_ETH_MAC_Enable
                0x08000cb0       0x20 ./Libraries/XMCLib/src/xmc_eth_mac.o
                0x08000cb0                XMC_ETH_MAC_Enable
 .text.XMC_ETH_MAC_ReadPhy
                0x08000cd0       0x32 ./Libraries/XMCLib/src/xmc_eth_mac.o
                0x08000cd0                XMC_ETH_MAC_ReadPhy
 .text.XMC_ETH_MAC_WritePhy
                0x08000d02       0x2e ./Libraries/XMCLib/src/xmc_eth_mac.o
                0x08000d02                XMC_ETH_MAC_WritePhy
 .text.XMC_ETH_MAC_EnableEvent
                0x08000d30       0x32 ./Libraries/XMCLib/src/xmc_eth_mac.o
                0x08000d30                XMC_ETH_MAC_EnableEvent
 .text.XMC_ETH_MAC_DisableEvent
                0x08000d62       0x1c ./Libraries/XMCLib/src/xmc_eth_mac.o
                0x08000d62                XMC_ETH_MAC_DisableEvent
 .text.XMC_ETH_MAC_ClearEventStatus
                0x08000d7e       0x26 ./Libraries/XMCLib/src/xmc_eth_mac.o
                0x08000d7e                XMC_ETH_MAC_ClearEventStatus
 .text.XMC_ETH_MAC_ReturnRxDescriptor
                0x08000da4       0x2c ./Libraries/XMCLib/src/xmc_eth_mac.o
                0x08000da4                XMC_ETH_MAC_ReturnRxDescriptor
 .text.XMC_ETH_MAC_ReturnTxDescriptor
                0x08000dd0       0x38 ./Libraries/XMCLib/src/xmc_eth_mac.o
                0x08000dd0                XMC_ETH_MAC_ReturnTxDescriptor
 .text.XMC_GPIO_SetMode
                0x08000e08       0x24 ./Libraries/XMCLib/src/xmc_gpio.o
                0x08000e08                XMC_GPIO_SetMode
 .text.XMC_GPIO_SetHardwareControl
                0x08000e2c       0x1a ./Libraries/XMCLib/src/xmc_gpio.o
                0x08000e2c                XMC_GPIO_SetHardwareControl
 *fill*         0x08000e46        0x2 
 .text.XMC_SPI_CH_Init
                0x08000e48       0x40 ./Libraries/XMCLib/src/xmc_spi.o
                0x08000e48                XMC_SPI_CH_Init
 .text.XMC_SPI_CH_SetBaudrate
                0x08000e88       0x26 ./Libraries/XMCLib/src/xmc_spi.o
                0x08000e88                XMC_SPI_CH_SetBaudrate
 .text.XMC_SPI_CH_EnableSlaveSelect
                0x08000eae       0x10 ./Libraries/XMCLib/src/xmc_spi.o
                0x08000eae                XMC_SPI_CH_EnableSlaveSelect
 .text.XMC_SPI_CH_GetReceivedData
                0x08000ebe       0x14 ./Libraries/XMCLib/src/xmc_spi.o
                0x08000ebe                XMC_SPI_CH_GetReceivedData
 .text.XMC_SPI_CH_Stop
                0x08000ed2       0x16 ./Libraries/XMCLib/src/xmc_spi.o
                0x08000ed2                XMC_SPI_CH_Stop
 .text.XMC_SPI_CH_DisableEvent
                0x08000ee8       0x1a ./Libraries/XMCLib/src/xmc_spi.o
                0x08000ee8                XMC_SPI_CH_DisableEvent
 .text.XMC_UART_CH_Init
                0x08000f02       0x62 ./Libraries/XMCLib/src/xmc_uart.o
                0x08000f02                XMC_UART_CH_Init
 .text.XMC_UART_CH_Transmit
                0x08000f64       0x22 ./Libraries/XMCLib/src/xmc_uart.o
                0x08000f64                XMC_UART_CH_Transmit
 .text.XMC_UART_CH_GetReceivedData
                0x08000f86       0x14 ./Libraries/XMCLib/src/xmc_uart.o
                0x08000f86                XMC_UART_CH_GetReceivedData
 *fill*         0x08000f9a        0x2 
 .text.XMC_USIC_CH_SetBaudrate
                0x08000f9c       0x7c ./Libraries/XMCLib/src/xmc_usic.o
                0x08000f9c                XMC_USIC_CH_SetBaudrate
 .text.XMC_USIC_CH_TXFIFO_Configure
                0x08001018       0x2c ./Libraries/XMCLib/src/xmc_usic.o
                0x08001018                XMC_USIC_CH_TXFIFO_Configure
 .text.XMC_USIC_CH_RXFIFO_Configure
                0x08001044       0x30 ./Libraries/XMCLib/src/xmc_usic.o
                0x08001044                XMC_USIC_CH_RXFIFO_Configure
 .text.XMC_USIC_CH_RXFIFO_SetSizeTriggerLimit
                0x08001074       0x22 ./Libraries/XMCLib/src/xmc_usic.o
                0x08001074                XMC_USIC_CH_RXFIFO_SetSizeTriggerLimit
 .text.XMC_USIC_CH_SetInterruptNodePointer
                0x08001096       0x14 ./Libraries/XMCLib/src/xmc_usic.o
                0x08001096                XMC_USIC_CH_SetInterruptNodePointer
 .text.XMC_USIC_CH_TXFIFO_SetInterruptNodePointer
                0x080010aa       0x18 ./Libraries/XMCLib/src/xmc_usic.o
                0x080010aa                XMC_USIC_CH_TXFIFO_SetInterruptNodePointer
 .text.XMC_USIC_CH_RXFIFO_SetInterruptNodePointer
                0x080010c2       0x18 ./Libraries/XMCLib/src/xmc_usic.o
                0x080010c2                XMC_USIC_CH_RXFIFO_SetInterruptNodePointer
 *fill*         0x080010da        0x2 
 .text.XMC_USIC_Enable
                0x080010dc       0x54 ./Libraries/XMCLib/src/xmc_usic.o
                0x080010dc                XMC_USIC_Enable
 .text.XMC_USIC_CH_Enable
                0x08001130       0x74 ./Libraries/XMCLib/src/xmc_usic.o
                0x08001130                XMC_USIC_CH_Enable
 .text.XMC_VADC_GLOBAL_EnableModule
                0x080011a4       0x12 ./Libraries/XMCLib/src/xmc_vadc.o
                0x080011a4                XMC_VADC_GLOBAL_EnableModule
 .text.XMC_VADC_GLOBAL_Init
                0x080011b6       0x32 ./Libraries/XMCLib/src/xmc_vadc.o
                0x080011b6                XMC_VADC_GLOBAL_Init
 .text.XMC_VADC_GLOBAL_StartupCalibration
                0x080011e8       0x34 ./Libraries/XMCLib/src/xmc_vadc.o
                0x080011e8                XMC_VADC_GLOBAL_StartupCalibration
 .text.XMC_VADC_GROUP_InputClassInit
                0x0800121c       0x48 ./Libraries/XMCLib/src/xmc_vadc.o
                0x0800121c                XMC_VADC_GROUP_InputClassInit
 .text.XMC_VADC_GROUP_Init
                0x08001264       0x84 ./Libraries/XMCLib/src/xmc_vadc.o
                0x08001264                XMC_VADC_GROUP_Init
 .text.XMC_VADC_GROUP_SetPowerMode
                0x080012e8       0x10 ./Libraries/XMCLib/src/xmc_vadc.o
                0x080012e8                XMC_VADC_GROUP_SetPowerMode
 .text.XMC_VADC_GROUP_SetSyncSlave
                0x080012f8       0x16 ./Libraries/XMCLib/src/xmc_vadc.o
                0x080012f8                XMC_VADC_GROUP_SetSyncSlave
 .text.XMC_VADC_GROUP_SetSyncMaster
                0x0800130e        0xe ./Libraries/XMCLib/src/xmc_vadc.o
                0x0800130e                XMC_VADC_GROUP_SetSyncMaster
 .text.XMC_VADC_GROUP_CheckSlaveReadiness
                0x0800131c       0x3c ./Libraries/XMCLib/src/xmc_vadc.o
                0x0800131c                XMC_VADC_GROUP_CheckSlaveReadiness
 .text.XMC_VADC_GROUP_QueueInit
                0x08001358       0x62 ./Libraries/XMCLib/src/xmc_vadc.o
                0x08001358                XMC_VADC_GROUP_QueueInit
 .text.XMC_VADC_GROUP_QueueSetReqSrcEventInterruptNode
                0x080013ba       0x10 ./Libraries/XMCLib/src/xmc_vadc.o
                0x080013ba                XMC_VADC_GROUP_QueueSetReqSrcEventInterruptNode
 .text.XMC_VADC_GROUP_ChannelInit
                0x080013ca       0x76 ./Libraries/XMCLib/src/xmc_vadc.o
                0x080013ca                XMC_VADC_GROUP_ChannelInit
 .text.XMC_VADC_GROUP_SetResultInterruptNode
                0x08001440       0x3c ./Libraries/XMCLib/src/xmc_vadc.o
                0x08001440                XMC_VADC_GROUP_SetResultInterruptNode
 .text._sbrk    0x0800147c       0x40 ./Libraries/Newlib/syscalls.o
                0x0800147c                _sbrk
 .text._init    0x080014bc        0x2 ./Libraries/Newlib/syscalls.o
                0x080014bc                _init
 .text.UART_lReconfigureRxFIFO
                0x080014be       0x1e ./Dave/Generated/UART/uart.o
 .text.UART_Init
                0x080014dc        0x6 ./Dave/Generated/UART/uart.o
                0x080014dc                UART_Init
 .text.UART_lTransmitHandler
                0x080014e2       0x8c ./Dave/Generated/UART/uart.o
                0x080014e2                UART_lTransmitHandler
 .text.UART_lReceiveHandler
                0x0800156e       0xa4 ./Dave/Generated/UART/uart.o
                0x0800156e                UART_lReceiveHandler
 .text.NVIC_EncodePriority.constprop.1
                0x08001612       0x1e ./Dave/Generated/UART/uart_conf.o
 .text.UART_0_init
                0x08001630       0xd0 ./Dave/Generated/UART/uart_conf.o
                0x08001630                UART_0_init
 .text.USIC0_4_IRQHandler
                0x08001700        0xc ./Dave/Generated/UART/uart_conf.o
                0x08001700                USIC0_4_IRQHandler
 .text.USIC0_5_IRQHandler
                0x0800170c        0xc ./Dave/Generated/UART/uart_conf.o
                0x0800170c                USIC0_5_IRQHandler
 .text.SYSTIMER_lInsertTimerList
                0x08001718       0x94 ./Dave/Generated/SYSTIMER/systimer.o
 .text.SYSTIMER_lRemoveTimerList
                0x080017ac       0x4c ./Dave/Generated/SYSTIMER/systimer.o
 .text.SysTick_Handler
                0x080017f8       0x94 ./Dave/Generated/SYSTIMER/systimer.o
                0x080017f8                SysTick_Handler
 .text.SYSTIMER_Init
                0x0800188c       0x6c ./Dave/Generated/SYSTIMER/systimer.o
                0x0800188c                SYSTIMER_Init
 .text.SYSTIMER_GetTickCount
                0x080018f8        0xc ./Dave/Generated/SYSTIMER/systimer.o
                0x080018f8                SYSTIMER_GetTickCount
 .text.SPI_MASTER_lReconfigureRxFIFO
                0x08001904       0x34 ./Dave/Generated/SPI_MASTER/spi_master.o
 .text.SPI_MASTER_Init
                0x08001938        0x6 ./Dave/Generated/SPI_MASTER/spi_master.o
                0x08001938                SPI_MASTER_Init
 .text.SPI_MASTER_SetBaudRate
                0x0800193e      0x1a6 ./Dave/Generated/SPI_MASTER/spi_master.o
                0x0800193e                SPI_MASTER_SetBaudRate
 .text.SPI_MASTER_lTransmitHandler
                0x08001ae4       0xcc ./Dave/Generated/SPI_MASTER/spi_master.o
                0x08001ae4                SPI_MASTER_lTransmitHandler
 .text.SPI_MASTER_lReceiveHandler
                0x08001bb0      0x13e ./Dave/Generated/SPI_MASTER/spi_master.o
                0x08001bb0                SPI_MASTER_lReceiveHandler
 .text.NVIC_EncodePriority.constprop.4
                0x08001cee       0x20 ./Dave/Generated/SPI_MASTER/spi_master_conf.o
 *fill*         0x08001d0e        0x2 
 .text.SPI_MASTER_2_lInit
                0x08001d10      0x13c ./Dave/Generated/SPI_MASTER/spi_master_conf.o
 .text.SPI_MASTER_1_lInit
                0x08001e4c      0x140 ./Dave/Generated/SPI_MASTER/spi_master_conf.o
 .text.SPI_MASTER_0_lInit
                0x08001f8c      0x144 ./Dave/Generated/SPI_MASTER/spi_master_conf.o
 .text.USIC1_2_IRQHandler
                0x080020d0        0xc ./Dave/Generated/SPI_MASTER/spi_master_conf.o
                0x080020d0                USIC1_2_IRQHandler
 .text.USIC1_0_IRQHandler
                0x080020dc        0xc ./Dave/Generated/SPI_MASTER/spi_master_conf.o
                0x080020dc                USIC1_0_IRQHandler
 .text.USIC1_3_IRQHandler
                0x080020e8        0xc ./Dave/Generated/SPI_MASTER/spi_master_conf.o
                0x080020e8                USIC1_3_IRQHandler
 .text.USIC1_1_IRQHandler
                0x080020f4        0xc ./Dave/Generated/SPI_MASTER/spi_master_conf.o
                0x080020f4                USIC1_1_IRQHandler
 .text.USIC0_1_IRQHandler
                0x08002100        0xc ./Dave/Generated/SPI_MASTER/spi_master_conf.o
                0x08002100                USIC0_1_IRQHandler
 .text.USIC0_3_IRQHandler
                0x0800210c        0xc ./Dave/Generated/SPI_MASTER/spi_master_conf.o
                0x0800210c                USIC0_3_IRQHandler
 .text.GLOBAL_ADC_Init
                0x08002118       0x62 ./Dave/Generated/GLOBAL_ADC/global_adc.o
                0x08002118                GLOBAL_ADC_Init
 *fill*         0x0800217a        0x2 
 .text.ethernetif_link_status
                0x0800217c       0x44 ./Dave/Generated/ETH_LWIP/lwip/port/netif/ethernetif.o
 .text.low_level_output
                0x080021c0       0x9c ./Dave/Generated/ETH_LWIP/lwip/port/netif/ethernetif.o
 .text.low_level_input
                0x0800225c       0x98 ./Dave/Generated/ETH_LWIP/lwip/port/netif/ethernetif.o
 .text.ethernetif_input.constprop.12
                0x080022f4       0x5c ./Dave/Generated/ETH_LWIP/lwip/port/netif/ethernetif.o
 .text.ETH_LWIP_UserIRQ
                0x08002350        0x2 ./Dave/Generated/ETH_LWIP/lwip/port/netif/ethernetif.o
                0x08002350                ETH_LWIP_UserIRQ
 *fill*         0x08002352        0x2 
 .text.ETH0_0_IRQHandler
                0x08002354       0x18 ./Dave/Generated/ETH_LWIP/lwip/port/netif/ethernetif.o
                0x08002354                ETH0_0_IRQHandler
 .text.ETH_LWIP_Error
                0x0800236c        0x2 ./Dave/Generated/ETH_LWIP/lwip/port/netif/ethernetif.o
                0x0800236c                ETH_LWIP_Error
 *fill*         0x0800236e        0x2 
 .text.ethernetif_link_callback
                0x08002370      0x124 ./Dave/Generated/ETH_LWIP/lwip/port/netif/ethernetif.o
 .text.ethernetif_init
                0x08002494      0x1c0 ./Dave/Generated/ETH_LWIP/lwip/port/netif/ethernetif.o
                0x08002494                ethernetif_init
 .text.memcpy   0x08002654       0x3c ./Dave/Generated/ETH_LWIP/lwip/port/memcpy.o
                0x08002654                memcpy
 .text.sys_now  0x08002690        0x4 ./Dave/Generated/ETH_LWIP/lwip/port/sys_arch.o
                0x08002690                sys_now
 .text.ethernet_input
                0x08002694       0x98 ./Dave/Generated/ETH_LWIP/lwip/netif/ethernet.o
                0x08002694                ethernet_input
 .text.ethernet_output
                0x0800272c       0x4c ./Dave/Generated/ETH_LWIP/lwip/netif/ethernet.o
                0x0800272c                ethernet_output
 .text.dhcp_set_state
                0x08002778       0x10 ./Dave/Generated/ETH_LWIP/lwip/core/ipv4/dhcp.o
 .text.dhcp_option
                0x08002788       0x20 ./Dave/Generated/ETH_LWIP/lwip/core/ipv4/dhcp.o
 .text.dhcp_option_short
                0x080027a8       0x22 ./Dave/Generated/ETH_LWIP/lwip/core/ipv4/dhcp.o
 .text.dhcp_option_long
                0x080027ca       0x46 ./Dave/Generated/ETH_LWIP/lwip/core/ipv4/dhcp.o
 .text.dhcp_create_msg
                0x08002810      0x154 ./Dave/Generated/ETH_LWIP/lwip/core/ipv4/dhcp.o
 .text.dhcp_delete_msg
                0x08002964       0x16 ./Dave/Generated/ETH_LWIP/lwip/core/ipv4/dhcp.o
 .text.dhcp_check
                0x0800297a       0x2a ./Dave/Generated/ETH_LWIP/lwip/core/ipv4/dhcp.o
 .text.dhcp_bind
                0x080029a4       0xd0 ./Dave/Generated/ETH_LWIP/lwip/core/ipv4/dhcp.o
 .text.dhcp_inc_pcb_refcount
                0x08002a74       0x58 ./Dave/Generated/ETH_LWIP/lwip/core/ipv4/dhcp.o
 .text.dhcp_option_trailer
                0x08002acc       0x26 ./Dave/Generated/ETH_LWIP/lwip/core/ipv4/dhcp.o
 *fill*         0x08002af2        0x2 
 .text.unlikely.dhcp_handle_ack.isra.1
                0x08002af4       0x6c ./Dave/Generated/ETH_LWIP/lwip/core/ipv4/dhcp.o
 .text.dhcp_dec_pcb_refcount
                0x08002b60       0x24 ./Dave/Generated/ETH_LWIP/lwip/core/ipv4/dhcp.o
 .text.dhcp_discover
                0x08002b84       0xd8 ./Dave/Generated/ETH_LWIP/lwip/core/ipv4/dhcp.o
 .text.dhcp_reboot
                0x08002c5c       0xec ./Dave/Generated/ETH_LWIP/lwip/core/ipv4/dhcp.o
 .text.dhcp_select
                0x08002d48      0x104 ./Dave/Generated/ETH_LWIP/lwip/core/ipv4/dhcp.o
 .text.dhcp_recv
                0x08002e4c      0x320 ./Dave/Generated/ETH_LWIP/lwip/core/ipv4/dhcp.o
 .text.dhcp_network_changed
                0x0800316c       0x2c ./Dave/Generated/ETH_LWIP/lwip/core/ipv4/dhcp.o
                0x0800316c                dhcp_network_changed
 .text.dhcp_arp_reply
                0x08003198       0x94 ./Dave/Generated/ETH_LWIP/lwip/core/ipv4/dhcp.o
                0x08003198                dhcp_arp_reply
 .text.dhcp_renew
                0x0800322c       0xd0 ./Dave/Generated/ETH_LWIP/lwip/core/ipv4/dhcp.o
                0x0800322c                dhcp_renew
 .text.dhcp_stop
                0x080032fc       0x1e ./Dave/Generated/ETH_LWIP/lwip/core/ipv4/dhcp.o
                0x080032fc                dhcp_stop
 .text.dhcp_start
                0x0800331a       0x5e ./Dave/Generated/ETH_LWIP/lwip/core/ipv4/dhcp.o
                0x0800331a                dhcp_start
 .text.dhcp_supplied_address
                0x08003378       0x1e ./Dave/Generated/ETH_LWIP/lwip/core/ipv4/dhcp.o
                0x08003378                dhcp_supplied_address
 *fill*         0x08003396        0x2 
 .text.dhcp_release
                0x08003398       0xac ./Dave/Generated/ETH_LWIP/lwip/core/ipv4/dhcp.o
                0x08003398                dhcp_release
 .text.dhcp_coarse_tmr
                0x08003444      0x160 ./Dave/Generated/ETH_LWIP/lwip/core/ipv4/dhcp.o
                0x08003444                dhcp_coarse_tmr
 .text.dhcp_fine_tmr
                0x080035a4       0x7c ./Dave/Generated/ETH_LWIP/lwip/core/ipv4/dhcp.o
                0x080035a4                dhcp_fine_tmr
 .text.etharp_free_entry
                0x08003620       0x28 ./Dave/Generated/ETH_LWIP/lwip/core/ipv4/etharp.o
 .text.etharp_raw
                0x08003648       0x84 ./Dave/Generated/ETH_LWIP/lwip/core/ipv4/etharp.o
 .text.etharp_find_entry.isra.0
                0x080036cc       0xe0 ./Dave/Generated/ETH_LWIP/lwip/core/ipv4/etharp.o
 .text.etharp_cleanup_netif
                0x080037ac       0x28 ./Dave/Generated/ETH_LWIP/lwip/core/ipv4/etharp.o
                0x080037ac                etharp_cleanup_netif
 .text.etharp_input
                0x080037d4       0xfc ./Dave/Generated/ETH_LWIP/lwip/core/ipv4/etharp.o
                0x080037d4                etharp_input
 .text.etharp_request
                0x080038d0       0x30 ./Dave/Generated/ETH_LWIP/lwip/core/ipv4/etharp.o
                0x080038d0                etharp_request
 .text.etharp_tmr
                0x08003900       0x54 ./Dave/Generated/ETH_LWIP/lwip/core/ipv4/etharp.o
                0x08003900                etharp_tmr
 .text.etharp_output_to_arp_index
                0x08003954       0x80 ./Dave/Generated/ETH_LWIP/lwip/core/ipv4/etharp.o
 .text.etharp_query
                0x080039d4       0xf4 ./Dave/Generated/ETH_LWIP/lwip/core/ipv4/etharp.o
                0x080039d4                etharp_query
 .text.etharp_output
                0x08003ac8       0xe8 ./Dave/Generated/ETH_LWIP/lwip/core/ipv4/etharp.o
                0x08003ac8                etharp_output
 .text.icmp_input
                0x08003bb0      0x10c ./Dave/Generated/ETH_LWIP/lwip/core/ipv4/icmp.o
                0x08003bb0                icmp_input
 .text.icmp_dest_unreach
                0x08003cbc       0x72 ./Dave/Generated/ETH_LWIP/lwip/core/ipv4/icmp.o
                0x08003cbc                icmp_dest_unreach
 *fill*         0x08003d2e        0x2 
 .text.ip4_route
                0x08003d30       0x58 ./Dave/Generated/ETH_LWIP/lwip/core/ipv4/ip4.o
                0x08003d30                ip4_route
 .text.ip4_input
                0x08003d88      0x1b8 ./Dave/Generated/ETH_LWIP/lwip/core/ipv4/ip4.o
                0x08003d88                ip4_input
 .text.ip4_output_if_src
                0x08003f40       0x98 ./Dave/Generated/ETH_LWIP/lwip/core/ipv4/ip4.o
                0x08003f40                ip4_output_if_src
 .text.ip4_output_if
                0x08003fd8       0x24 ./Dave/Generated/ETH_LWIP/lwip/core/ipv4/ip4.o
                0x08003fd8                ip4_output_if
 .text.ip4_addr_isbroadcast_u32
                0x08003ffc       0x3a ./Dave/Generated/ETH_LWIP/lwip/core/ipv4/ip4_addr.o
                0x08003ffc                ip4_addr_isbroadcast_u32
 .text.lwip_htons
                0x08004036        0xa ./Dave/Generated/ETH_LWIP/lwip/core/def.o
                0x08004036                lwip_htons
 .text.lwip_htonl
                0x08004040        0x4 ./Dave/Generated/ETH_LWIP/lwip/core/def.o
                0x08004040                lwip_htonl
 .text.lwip_standard_chksum
                0x08004044       0x5a ./Dave/Generated/ETH_LWIP/lwip/core/inet_chksum.o
                0x08004044                lwip_standard_chksum
 .text.inet_chksum_pbuf
                0x0800409e       0x48 ./Dave/Generated/ETH_LWIP/lwip/core/inet_chksum.o
                0x0800409e                inet_chksum_pbuf
 .text.lwip_init
                0x080040e6       0x1e ./Dave/Generated/ETH_LWIP/lwip/core/init.o
                0x080040e6                lwip_init
 .text.mem_init
                0x08004104       0x40 ./Dave/Generated/ETH_LWIP/lwip/core/mem.o
                0x08004104                mem_init
 .text.mem_free
                0x08004144       0x8c ./Dave/Generated/ETH_LWIP/lwip/core/mem.o
                0x08004144                mem_free
 .text.mem_trim
                0x080041d0       0xb0 ./Dave/Generated/ETH_LWIP/lwip/core/mem.o
                0x080041d0                mem_trim
 .text.mem_malloc
                0x08004280       0xb8 ./Dave/Generated/ETH_LWIP/lwip/core/mem.o
                0x08004280                mem_malloc
 .text.memp_init_pool
                0x08004338       0x28 ./Dave/Generated/ETH_LWIP/lwip/core/memp.o
                0x08004338                memp_init_pool
 .text.memp_init
                0x08004360       0x1c ./Dave/Generated/ETH_LWIP/lwip/core/memp.o
                0x08004360                memp_init
 .text.memp_malloc
                0x0800437c       0x20 ./Dave/Generated/ETH_LWIP/lwip/core/memp.o
                0x0800437c                memp_malloc
 .text.memp_free
                0x0800439c       0x1c ./Dave/Generated/ETH_LWIP/lwip/core/memp.o
                0x0800439c                memp_free
 .text.netif_issue_reports.part.0
                0x080043b8       0x12 ./Dave/Generated/ETH_LWIP/lwip/core/netif.o
 .text.netif_init
                0x080043ca        0x2 ./Dave/Generated/ETH_LWIP/lwip/core/netif.o
                0x080043ca                netif_init
 .text.netif_set_ipaddr
                0x080043cc       0x4c ./Dave/Generated/ETH_LWIP/lwip/core/netif.o
                0x080043cc                netif_set_ipaddr
 .text.netif_set_addr
                0x08004418       0x38 ./Dave/Generated/ETH_LWIP/lwip/core/netif.o
                0x08004418                netif_set_addr
 .text.netif_add
                0x08004450       0x70 ./Dave/Generated/ETH_LWIP/lwip/core/netif.o
                0x08004450                netif_add
 .text.netif_set_default
                0x080044c0        0xc ./Dave/Generated/ETH_LWIP/lwip/core/netif.o
                0x080044c0                netif_set_default
 .text.netif_set_up
                0x080044cc       0x1e ./Dave/Generated/ETH_LWIP/lwip/core/netif.o
                0x080044cc                netif_set_up
 .text.netif_set_down
                0x080044ea       0x1a ./Dave/Generated/ETH_LWIP/lwip/core/netif.o
                0x080044ea                netif_set_down
 .text.netif_set_link_up
                0x08004504       0x38 ./Dave/Generated/ETH_LWIP/lwip/core/netif.o
                0x08004504                netif_set_link_up
 .text.netif_set_link_down
                0x0800453c       0x18 ./Dave/Generated/ETH_LWIP/lwip/core/netif.o
                0x0800453c                netif_set_link_down
 .text.netif_set_link_callback
                0x08004554        0x6 ./Dave/Generated/ETH_LWIP/lwip/core/netif.o
                0x08004554                netif_set_link_callback
 .text.pbuf_header_impl.part.0
                0x0800455a       0x5a ./Dave/Generated/ETH_LWIP/lwip/core/pbuf.o
 .text.pbuf_free_ooseq
                0x080045b4       0x2c ./Dave/Generated/ETH_LWIP/lwip/core/pbuf.o
                0x080045b4                pbuf_free_ooseq
 .text.pbuf_header
                0x080045e0        0xe ./Dave/Generated/ETH_LWIP/lwip/core/pbuf.o
                0x080045e0                pbuf_header
 .text.pbuf_header_force
                0x080045ee        0xe ./Dave/Generated/ETH_LWIP/lwip/core/pbuf.o
                0x080045ee                pbuf_header_force
 .text.pbuf_free
                0x080045fc       0x40 ./Dave/Generated/ETH_LWIP/lwip/core/pbuf.o
                0x080045fc                pbuf_free
 .text.pbuf_alloc
                0x0800463c      0x10c ./Dave/Generated/ETH_LWIP/lwip/core/pbuf.o
                0x0800463c                pbuf_alloc
 .text.pbuf_realloc
                0x08004748       0x4a ./Dave/Generated/ETH_LWIP/lwip/core/pbuf.o
                0x08004748                pbuf_realloc
 .text.pbuf_clen
                0x08004792       0x10 ./Dave/Generated/ETH_LWIP/lwip/core/pbuf.o
                0x08004792                pbuf_clen
 .text.pbuf_ref
                0x080047a2        0xa ./Dave/Generated/ETH_LWIP/lwip/core/pbuf.o
                0x080047a2                pbuf_ref
 .text.pbuf_cat
                0x080047ac       0x22 ./Dave/Generated/ETH_LWIP/lwip/core/pbuf.o
                0x080047ac                pbuf_cat
 .text.pbuf_chain
                0x080047ce       0x12 ./Dave/Generated/ETH_LWIP/lwip/core/pbuf.o
                0x080047ce                pbuf_chain
 .text.pbuf_copy
                0x080047e0       0x9a ./Dave/Generated/ETH_LWIP/lwip/core/pbuf.o
                0x080047e0                pbuf_copy
 .text.pbuf_copy_partial
                0x0800487a       0x68 ./Dave/Generated/ETH_LWIP/lwip/core/pbuf.o
                0x0800487a                pbuf_copy_partial
 *fill*         0x080048e2        0x2 
 .text.raw_input
                0x080048e4       0x94 ./Dave/Generated/ETH_LWIP/lwip/core/raw.o
                0x080048e4                raw_input
 .text.raw_netif_ip_addr_changed
                0x08004978       0x2c ./Dave/Generated/ETH_LWIP/lwip/core/raw.o
                0x08004978                raw_netif_ip_addr_changed
 .text.tcp_init
                0x080049a4        0x2 ./Dave/Generated/ETH_LWIP/lwip/core/tcp.o
                0x080049a4                tcp_init
 .text.tcp_backlog_accepted
                0x080049a6       0x1a ./Dave/Generated/ETH_LWIP/lwip/core/tcp.o
                0x080049a6                tcp_backlog_accepted
 .text.tcp_close_shutdown_fin
                0x080049c0       0x50 ./Dave/Generated/ETH_LWIP/lwip/core/tcp.o
 .text.tcp_update_rcv_ann_wnd
                0x08004a10       0x38 ./Dave/Generated/ETH_LWIP/lwip/core/tcp.o
                0x08004a10                tcp_update_rcv_ann_wnd
 .text.tcp_recved
                0x08004a48       0x46 ./Dave/Generated/ETH_LWIP/lwip/core/tcp.o
                0x08004a48                tcp_recved
 .text.tcp_seg_free
                0x08004a8e       0x1c ./Dave/Generated/ETH_LWIP/lwip/core/tcp.o
                0x08004a8e                tcp_seg_free
 .text.tcp_segs_free
                0x08004aaa       0x10 ./Dave/Generated/ETH_LWIP/lwip/core/tcp.o
                0x08004aaa                tcp_segs_free
 .text.tcp_seg_copy
                0x08004aba       0x2c ./Dave/Generated/ETH_LWIP/lwip/core/tcp.o
                0x08004aba                tcp_seg_copy
 .text.tcp_pcb_purge
                0x08004ae6       0x44 ./Dave/Generated/ETH_LWIP/lwip/core/tcp.o
                0x08004ae6                tcp_pcb_purge
 *fill*         0x08004b2a        0x2 
 .text.tcp_slowtmr
                0x08004b2c      0x2b8 ./Dave/Generated/ETH_LWIP/lwip/core/tcp.o
                0x08004b2c                tcp_slowtmr
 .text.tcp_pcb_remove
                0x08004de4       0x4c ./Dave/Generated/ETH_LWIP/lwip/core/tcp.o
                0x08004de4                tcp_pcb_remove
 .text.tcp_close_shutdown
                0x08004e30      0x128 ./Dave/Generated/ETH_LWIP/lwip/core/tcp.o
 .text.tcp_close
                0x08004f58       0x14 ./Dave/Generated/ETH_LWIP/lwip/core/tcp.o
                0x08004f58                tcp_close
 .text.tcp_recv_null
                0x08004f6c       0x24 ./Dave/Generated/ETH_LWIP/lwip/core/tcp.o
                0x08004f6c                tcp_recv_null
 .text.tcp_process_refused_data
                0x08004f90       0x64 ./Dave/Generated/ETH_LWIP/lwip/core/tcp.o
                0x08004f90                tcp_process_refused_data
 .text.tcp_fasttmr
                0x08004ff4       0x74 ./Dave/Generated/ETH_LWIP/lwip/core/tcp.o
                0x08004ff4                tcp_fasttmr
 .text.tcp_tmr  0x08005068       0x24 ./Dave/Generated/ETH_LWIP/lwip/core/tcp.o
                0x08005068                tcp_tmr
 .text.tcp_abandon
                0x0800508c       0xd4 ./Dave/Generated/ETH_LWIP/lwip/core/tcp.o
                0x0800508c                tcp_abandon
 .text.tcp_abort
                0x08005160        0x6 ./Dave/Generated/ETH_LWIP/lwip/core/tcp.o
                0x08005160                tcp_abort
 .text.tcp_netif_ip_addr_changed_pcblist
                0x08005166       0x1c ./Dave/Generated/ETH_LWIP/lwip/core/tcp.o
 *fill*         0x08005182        0x2 
 .text.tcp_kill_state
                0x08005184       0x3c ./Dave/Generated/ETH_LWIP/lwip/core/tcp.o
 .text.tcp_alloc
                0x080051c0      0x108 ./Dave/Generated/ETH_LWIP/lwip/core/tcp.o
                0x080051c0                tcp_alloc
 .text.tcp_next_iss
                0x080052c8       0x18 ./Dave/Generated/ETH_LWIP/lwip/core/tcp.o
                0x080052c8                tcp_next_iss
 .text.tcp_eff_send_mss_impl
                0x080052e0       0x1e ./Dave/Generated/ETH_LWIP/lwip/core/tcp.o
                0x080052e0                tcp_eff_send_mss_impl
 *fill*         0x080052fe        0x2 
 .text.tcp_netif_ip_addr_changed
                0x08005300       0x4c ./Dave/Generated/ETH_LWIP/lwip/core/tcp.o
                0x08005300                tcp_netif_ip_addr_changed
 .text.tcp_oos_insert_segment
                0x0800534c       0x78 ./Dave/Generated/ETH_LWIP/lwip/core/tcp_in.o
 .text.tcp_receive
                0x080053c4      0x77c ./Dave/Generated/ETH_LWIP/lwip/core/tcp_in.o
 .text.tcp_getoptbyte
                0x08005b40       0x40 ./Dave/Generated/ETH_LWIP/lwip/core/tcp_in.o
 .text.tcp_parseopt.isra.1.part.2
                0x08005b80       0x70 ./Dave/Generated/ETH_LWIP/lwip/core/tcp_in.o
 .text.tcp_input_delayed_close
                0x08005bf0       0x44 ./Dave/Generated/ETH_LWIP/lwip/core/tcp_in.o
 .text.tcp_input
                0x08005c34      0x8cc ./Dave/Generated/ETH_LWIP/lwip/core/tcp_in.o
                0x08005c34                tcp_input
 .text.tcp_trigger_input_pcb_close
                0x08006500       0x10 ./Dave/Generated/ETH_LWIP/lwip/core/tcp_in.o
                0x08006500                tcp_trigger_input_pcb_close
 .text.tcp_create_segment
                0x08006510       0xaa ./Dave/Generated/ETH_LWIP/lwip/core/tcp_out.o
 .text.tcp_output_alloc_header.constprop.0
                0x080065ba       0x5a ./Dave/Generated/ETH_LWIP/lwip/core/tcp_out.o
 .text.tcp_enqueue_flags
                0x08006614       0x86 ./Dave/Generated/ETH_LWIP/lwip/core/tcp_out.o
                0x08006614                tcp_enqueue_flags
 .text.tcp_send_fin
                0x0800669a       0x44 ./Dave/Generated/ETH_LWIP/lwip/core/tcp_out.o
                0x0800669a                tcp_send_fin
 .text.tcp_send_empty_ack
                0x080066de       0x68 ./Dave/Generated/ETH_LWIP/lwip/core/tcp_out.o
                0x080066de                tcp_send_empty_ack
 *fill*         0x08006746        0x2 
 .text.tcp_output
                0x08006748      0x2c4 ./Dave/Generated/ETH_LWIP/lwip/core/tcp_out.o
                0x08006748                tcp_output
 .text.tcp_rst  0x08006a0c       0x90 ./Dave/Generated/ETH_LWIP/lwip/core/tcp_out.o
                0x08006a0c                tcp_rst
 .text.tcp_rexmit_rto
                0x08006a9c       0x34 ./Dave/Generated/ETH_LWIP/lwip/core/tcp_out.o
                0x08006a9c                tcp_rexmit_rto
 .text.tcp_rexmit
                0x08006ad0       0x54 ./Dave/Generated/ETH_LWIP/lwip/core/tcp_out.o
                0x08006ad0                tcp_rexmit
 .text.tcp_rexmit_fast
                0x08006b24       0x4c ./Dave/Generated/ETH_LWIP/lwip/core/tcp_out.o
                0x08006b24                tcp_rexmit_fast
 .text.tcp_keepalive
                0x08006b70       0x52 ./Dave/Generated/ETH_LWIP/lwip/core/tcp_out.o
                0x08006b70                tcp_keepalive
 .text.tcp_zero_window_probe
                0x08006bc2       0xc0 ./Dave/Generated/ETH_LWIP/lwip/core/tcp_out.o
                0x08006bc2                tcp_zero_window_probe
 *fill*         0x08006c82        0x2 
 .text.sys_timeout
                0x08006c84       0x80 ./Dave/Generated/ETH_LWIP/lwip/core/timeouts.o
                0x08006c84                sys_timeout
 .text.tcp_timer_needed
                0x08006d04       0x34 ./Dave/Generated/ETH_LWIP/lwip/core/timeouts.o
                0x08006d04                tcp_timer_needed
 .text.tcpip_tcp_timer
                0x08006d38       0x38 ./Dave/Generated/ETH_LWIP/lwip/core/timeouts.o
 .text.sys_timeouts_init
                0x08006d70       0x48 ./Dave/Generated/ETH_LWIP/lwip/core/timeouts.o
                0x08006d70                sys_timeouts_init
 .text.cyclic_timer
                0x08006db8       0x1c ./Dave/Generated/ETH_LWIP/lwip/core/timeouts.o
 .text.sys_check_timeouts
                0x08006dd4       0x5c ./Dave/Generated/ETH_LWIP/lwip/core/timeouts.o
                0x08006dd4                sys_check_timeouts
 .text.udp_init
                0x08006e30        0x2 ./Dave/Generated/ETH_LWIP/lwip/core/udp.o
                0x08006e30                udp_init
 *fill*         0x08006e32        0x2 
 .text.udp_input
                0x08006e34      0x114 ./Dave/Generated/ETH_LWIP/lwip/core/udp.o
                0x08006e34                udp_input
 .text.udp_bind
                0x08006f48       0xa8 ./Dave/Generated/ETH_LWIP/lwip/core/udp.o
                0x08006f48                udp_bind
 .text.udp_sendto_if_src
                0x08006ff0       0xa4 ./Dave/Generated/ETH_LWIP/lwip/core/udp.o
                0x08006ff0                udp_sendto_if_src
 .text.udp_sendto_if
                0x08007094       0x36 ./Dave/Generated/ETH_LWIP/lwip/core/udp.o
                0x08007094                udp_sendto_if
 .text.udp_sendto
                0x080070ca       0x32 ./Dave/Generated/ETH_LWIP/lwip/core/udp.o
                0x080070ca                udp_sendto
 .text.udp_connect
                0x080070fc       0x50 ./Dave/Generated/ETH_LWIP/lwip/core/udp.o
                0x080070fc                udp_connect
 .text.udp_recv
                0x0800714c        0x6 ./Dave/Generated/ETH_LWIP/lwip/core/udp.o
                0x0800714c                udp_recv
 *fill*         0x08007152        0x2 
 .text.udp_remove
                0x08007154       0x30 ./Dave/Generated/ETH_LWIP/lwip/core/udp.o
                0x08007154                udp_remove
 .text.udp_new  0x08007184       0x1c ./Dave/Generated/ETH_LWIP/lwip/core/udp.o
                0x08007184                udp_new
 .text.udp_netif_ip_addr_changed
                0x080071a0       0x2c ./Dave/Generated/ETH_LWIP/lwip/core/udp.o
                0x080071a0                udp_netif_ip_addr_changed
 .text.ETH_LWIP_Init
                0x080071cc       0x64 ./Dave/Generated/ETH_LWIP/eth_lwip.o
                0x080071cc                ETH_LWIP_Init
 .text.XMC_ETH_PHY_Reset
                0x08007230       0x2c ./Dave/Generated/ETH_LWIP/xmc_eth_phy_dp83848.o
                0x08007230                XMC_ETH_PHY_Reset
 .text.XMC_ETH_PHY_Init
                0x0800725c       0xb0 ./Dave/Generated/ETH_LWIP/xmc_eth_phy_dp83848.o
                0x0800725c                XMC_ETH_PHY_Init
 .text.XMC_ETH_PHY_GetLinkStatus
                0x0800730c       0x1a ./Dave/Generated/ETH_LWIP/xmc_eth_phy_dp83848.o
                0x0800730c                XMC_ETH_PHY_GetLinkStatus
 .text.XMC_ETH_PHY_GetLinkSpeed
                0x08007326       0x22 ./Dave/Generated/ETH_LWIP/xmc_eth_phy_dp83848.o
                0x08007326                XMC_ETH_PHY_GetLinkSpeed
 .text.XMC_ETH_PHY_GetLinkDuplex
                0x08007348       0x22 ./Dave/Generated/ETH_LWIP/xmc_eth_phy_dp83848.o
                0x08007348                XMC_ETH_PHY_GetLinkDuplex
 .text.XMC_ETH_PHY_IsAutonegotiationCompleted
                0x0800736a       0x1a ./Dave/Generated/ETH_LWIP/xmc_eth_phy_dp83848.o
                0x0800736a                XMC_ETH_PHY_IsAutonegotiationCompleted
 .text.SystemCoreSetup
                0x08007384       0x78 ./Dave/Generated/CPU_CTRL_XMC4/cpu_ctrl_xmc4_conf.o
                0x08007384                SystemCoreSetup
 .text.CLOCK_XMC4_Init
                0x080073fc        0x8 ./Dave/Generated/CLOCK_XMC4/clock_xmc4.o
                0x080073fc                CLOCK_XMC4_Init
 .text.OSCHP_GetFrequency
                0x08007404        0x8 ./Dave/Generated/CLOCK_XMC4/clock_xmc4.o
                0x08007404                OSCHP_GetFrequency
 .text.SystemCoreClockSetup
                0x0800740c       0x4c ./Dave/Generated/CLOCK_XMC4/clock_xmc4_conf.o
                0x0800740c                SystemCoreClockSetup
 .text.BUS_IO_Init
                0x08007458       0x32 ./Dave/Generated/BUS_IO/bus_io.o
                0x08007458                BUS_IO_Init
 *fill*         0x0800748a        0x2 
 .text.ADC_MEASUREMENT_ADV_lQueueInsertEntries
                0x0800748c       0x28 ./Dave/Generated/ADC_MEASUREMENT_ADV/adc_measurement_adv.o
 .text.ADC_MEASUREMENT_ADV_lSyncADCClocks
                0x080074b4       0x64 ./Dave/Generated/ADC_MEASUREMENT_ADV/adc_measurement_adv.o
                0x080074b4                ADC_MEASUREMENT_ADV_lSyncADCClocks
 .text.ADC_MEASUREMENT_ADV_StartADC
                0x08007518       0x1c ./Dave/Generated/ADC_MEASUREMENT_ADV/adc_measurement_adv.o
                0x08007518                ADC_MEASUREMENT_ADV_StartADC
 .text.ADC_MEASUREMENT_ADC_lNvicEnable
                0x08007534       0x30 ./Dave/Generated/ADC_MEASUREMENT_ADV/adc_measurement_adv.o
                0x08007534                ADC_MEASUREMENT_ADC_lNvicEnable
 .text.ADC_MEASUREMENT_ADV_Init
                0x08007564      0x16c ./Dave/Generated/ADC_MEASUREMENT_ADV/adc_measurement_adv.o
                0x08007564                ADC_MEASUREMENT_ADV_Init
 .text.ADC_MEASUREMENT_ADV_0_event_config
                0x080076d0       0x10 ./Dave/Generated/ADC_MEASUREMENT_ADV/adc_measurement_adv_conf.o
 .text.DAVE_Init
                0x080076e0       0x8c ./Dave/Generated/DAVE.o
                0x080076e0                DAVE_Init
 .text.startup.main
                0x0800776c       0x58 ./main.o
                0x0800776c                main
 .text.calloc   0x080077c4       0x14 c:/dave-ide-4.4.2-64bit/dave-ide-4.4.2-64bit/eclipse/arm-gcc-49/bin/../lib/gcc/arm-none-eabi/4.9.3/../../../../arm-none-eabi/lib/armv7e-m/softfp\libc_nano.a(lib_a-calloc.o)
                0x080077c4                calloc
 .text.__errno  0x080077d8        0xc c:/dave-ide-4.4.2-64bit/dave-ide-4.4.2-64bit/eclipse/arm-gcc-49/bin/../lib/gcc/arm-none-eabi/4.9.3/../../../../arm-none-eabi/lib/armv7e-m/softfp\libc_nano.a(lib_a-errno.o)
                0x080077d8                __errno
 .text.__libc_init_array
                0x080077e4       0x4c c:/dave-ide-4.4.2-64bit/dave-ide-4.4.2-64bit/eclipse/arm-gcc-49/bin/../lib/gcc/arm-none-eabi/4.9.3/../../../../arm-none-eabi/lib/armv7e-m/softfp\libc_nano.a(lib_a-init.o)
                0x080077e4                __libc_init_array
 .text.malloc   0x08007830       0x10 c:/dave-ide-4.4.2-64bit/dave-ide-4.4.2-64bit/eclipse/arm-gcc-49/bin/../lib/gcc/arm-none-eabi/4.9.3/../../../../arm-none-eabi/lib/armv7e-m/softfp\libc_nano.a(lib_a-malloc.o)
                0x08007830                malloc
 .text.free     0x08007840       0x10 c:/dave-ide-4.4.2-64bit/dave-ide-4.4.2-64bit/eclipse/arm-gcc-49/bin/../lib/gcc/arm-none-eabi/4.9.3/../../../../arm-none-eabi/lib/armv7e-m/softfp\libc_nano.a(lib_a-malloc.o)
                0x08007840                free
 .text.memcmp   0x08007850       0x20 c:/dave-ide-4.4.2-64bit/dave-ide-4.4.2-64bit/eclipse/arm-gcc-49/bin/../lib/gcc/arm-none-eabi/4.9.3/../../../../arm-none-eabi/lib/armv7e-m/softfp\libc_nano.a(lib_a-memcmp.o)
                0x08007850                memcmp
 .text.memset   0x08007870       0x10 c:/dave-ide-4.4.2-64bit/dave-ide-4.4.2-64bit/eclipse/arm-gcc-49/bin/../lib/gcc/arm-none-eabi/4.9.3/../../../../arm-none-eabi/lib/armv7e-m/softfp\libc_nano.a(lib_a-memset.o)
                0x08007870                memset
 .text._calloc_r
                0x08007880       0x1c c:/dave-ide-4.4.2-64bit/dave-ide-4.4.2-64bit/eclipse/arm-gcc-49/bin/../lib/gcc/arm-none-eabi/4.9.3/../../../../arm-none-eabi/lib/armv7e-m/softfp\libc_nano.a(lib_a-nano-callocr.o)
                0x08007880                _calloc_r
 .text._free_r  0x0800789c       0x88 c:/dave-ide-4.4.2-64bit/dave-ide-4.4.2-64bit/eclipse/arm-gcc-49/bin/../lib/gcc/arm-none-eabi/4.9.3/../../../../arm-none-eabi/lib/armv7e-m/softfp\libc_nano.a(lib_a-nano-freer.o)
                0x0800789c                _free_r
 .text._malloc_r
                0x08007924       0xac c:/dave-ide-4.4.2-64bit/dave-ide-4.4.2-64bit/eclipse/arm-gcc-49/bin/../lib/gcc/arm-none-eabi/4.9.3/../../../../arm-none-eabi/lib/armv7e-m/softfp\libc_nano.a(lib_a-nano-mallocr.o)
                0x08007924                _malloc_r
 .text.rand     0x080079d0       0x74 c:/dave-ide-4.4.2-64bit/dave-ide-4.4.2-64bit/eclipse/arm-gcc-49/bin/../lib/gcc/arm-none-eabi/4.9.3/../../../../arm-none-eabi/lib/armv7e-m/softfp\libc_nano.a(lib_a-rand.o)
                0x080079d0                rand
 .text._sbrk_r  0x08007a44       0x20 c:/dave-ide-4.4.2-64bit/dave-ide-4.4.2-64bit/eclipse/arm-gcc-49/bin/../lib/gcc/arm-none-eabi/4.9.3/../../../../arm-none-eabi/lib/armv7e-m/softfp\libc_nano.a(lib_a-sbrkr.o)
                0x08007a44                _sbrk_r
 *(.init)
 *(.fini)
 *crtbegin.o(.ctors)
 *crtbegin?.o(.ctors)
 *(EXCLUDE_FILE(*crtend.o *crtend?.o) .ctors)
 *(SORT(.ctors.*))
 *(.ctors)
 *crtbegin.o(.dtors)
 *crtbegin?.o(.dtors)
 *(EXCLUDE_FILE(*crtend.o *crtend?.o) .dtors)
 *(SORT(.dtors.*))
 *(.dtors)
 *(.rodata .rodata.*)
 .rodata.g_xmc_vadc_group_array
                0x08007a64       0x10 ./Libraries/XMCLib/src/xmc_vadc.o
 .rodata.UART_0_config
                0x08007a74       0x30 ./Dave/Generated/UART/uart_conf.o
                0x08007a74                UART_0_config
 .rodata.UART_0_rx_pin_config
                0x08007aa4        0xc ./Dave/Generated/UART/uart_conf.o
                0x08007aa4                UART_0_rx_pin_config
 .rodata.UART_0_tx_pin
                0x08007ab0        0xc ./Dave/Generated/UART/uart_conf.o
                0x08007ab0                UART_0_tx_pin
 .rodata.UART_0_tx_pin_config
                0x08007abc        0xc ./Dave/Generated/UART/uart_conf.o
                0x08007abc                UART_0_tx_pin_config
 .rodata.UART_0_channel_config
                0x08007ac8        0xc ./Dave/Generated/UART/uart_conf.o
                0x08007ac8                UART_0_channel_config
 .rodata.SPI_MASTER_1_SCLKOUT_Config
                0x08007ad4       0x14 ./Dave/Generated/SPI_MASTER/spi_master_conf.o
                0x08007ad4                SPI_MASTER_1_SCLKOUT_Config
 .rodata.SPI_MASTER_1_SS_0
                0x08007ae8        0x8 ./Dave/Generated/SPI_MASTER/spi_master_conf.o
                0x08007ae8                SPI_MASTER_1_SS_0
 .rodata.SPI_MASTER_0_MOSI
                0x08007af0        0x8 ./Dave/Generated/SPI_MASTER/spi_master_conf.o
                0x08007af0                SPI_MASTER_0_MOSI
 .rodata.SPI_MASTER_2_SS_0_Config
                0x08007af8       0x14 ./Dave/Generated/SPI_MASTER/spi_master_conf.o
                0x08007af8                SPI_MASTER_2_SS_0_Config
 .rodata.SPI_MASTER_2_Config
                0x08007b0c       0x8c ./Dave/Generated/SPI_MASTER/spi_master_conf.o
                0x08007b0c                SPI_MASTER_2_Config
 .rodata.SPI_MASTER_1_SS_0_Config
                0x08007b98       0x14 ./Dave/Generated/SPI_MASTER/spi_master_conf.o
                0x08007b98                SPI_MASTER_1_SS_0_Config
 .rodata.SPI_MASTER_2_MISO
                0x08007bac        0x8 ./Dave/Generated/SPI_MASTER/spi_master_conf.o
                0x08007bac                SPI_MASTER_2_MISO
 .rodata.SPI_MASTER_2_SCLKOUT
                0x08007bb4        0x8 ./Dave/Generated/SPI_MASTER/spi_master_conf.o
                0x08007bb4                SPI_MASTER_2_SCLKOUT
 .rodata.SPI_MASTER_2_MOSI
                0x08007bbc        0x8 ./Dave/Generated/SPI_MASTER/spi_master_conf.o
                0x08007bbc                SPI_MASTER_2_MOSI
 .rodata.SPI_MASTER_1_MISO
                0x08007bc4        0x8 ./Dave/Generated/SPI_MASTER/spi_master_conf.o
                0x08007bc4                SPI_MASTER_1_MISO
 .rodata.SPI_MASTER_0_SCLKOUT
                0x08007bcc        0x8 ./Dave/Generated/SPI_MASTER/spi_master_conf.o
                0x08007bcc                SPI_MASTER_0_SCLKOUT
 .rodata.SPI_MASTER_2_SCLKOUT_Config
                0x08007bd4       0x14 ./Dave/Generated/SPI_MASTER/spi_master_conf.o
                0x08007bd4                SPI_MASTER_2_SCLKOUT_Config
 .rodata.SPI_MASTER_0_SS_0
                0x08007be8        0x8 ./Dave/Generated/SPI_MASTER/spi_master_conf.o
                0x08007be8                SPI_MASTER_0_SS_0
 .rodata.SPI_MASTER_2_SS_0
                0x08007bf0        0x8 ./Dave/Generated/SPI_MASTER/spi_master_conf.o
                0x08007bf0                SPI_MASTER_2_SS_0
 .rodata.SPI_MASTER_0_SCLKOUT_Config
                0x08007bf8       0x14 ./Dave/Generated/SPI_MASTER/spi_master_conf.o
                0x08007bf8                SPI_MASTER_0_SCLKOUT_Config
 .rodata.SPI_MASTER_0_MISO
                0x08007c0c        0x8 ./Dave/Generated/SPI_MASTER/spi_master_conf.o
                0x08007c0c                SPI_MASTER_0_MISO
 .rodata.SPI_MASTER_0_Config
                0x08007c14       0x8c ./Dave/Generated/SPI_MASTER/spi_master_conf.o
                0x08007c14                SPI_MASTER_0_Config
 .rodata.SPI_MASTER_1_SCLKOUT
                0x08007ca0        0x8 ./Dave/Generated/SPI_MASTER/spi_master_conf.o
                0x08007ca0                SPI_MASTER_1_SCLKOUT
 .rodata.SPI_MASTER_0_SS_0_Config
                0x08007ca8       0x14 ./Dave/Generated/SPI_MASTER/spi_master_conf.o
                0x08007ca8                SPI_MASTER_0_SS_0_Config
 .rodata.SPI_MASTER_1_MOSI
                0x08007cbc        0x8 ./Dave/Generated/SPI_MASTER/spi_master_conf.o
                0x08007cbc                SPI_MASTER_1_MOSI
 .rodata.SPI_MASTER_1_Config
                0x08007cc4       0x8c ./Dave/Generated/SPI_MASTER/spi_master_conf.o
                0x08007cc4                SPI_MASTER_1_Config
 .rodata.group_init_handle0
                0x08007d50       0x14 ./Dave/Generated/GLOBAL_ADC/global_adc_conf.o
                0x08007d50                group_init_handle0
 .rodata.group_init_handle1
                0x08007d64       0x14 ./Dave/Generated/GLOBAL_ADC/global_adc_conf.o
                0x08007d64                group_init_handle1
 .rodata.group_init_handle3
                0x08007d78       0x14 ./Dave/Generated/GLOBAL_ADC/global_adc_conf.o
                0x08007d78                group_init_handle3
 .rodata.global_config
                0x08007d8c       0x18 ./Dave/Generated/GLOBAL_ADC/global_adc_conf.o
                0x08007d8c                global_config
 .rodata.group_init_handle2
                0x08007da4       0x14 ./Dave/Generated/GLOBAL_ADC/global_adc_conf.o
                0x08007da4                group_init_handle2
 .rodata.eth_phy_config
                0x08007db8        0x8 ./Dave/Generated/ETH_LWIP/lwip/port/netif/ethernetif.o
                0x08007db8                eth_phy_config
 .rodata.ethbroadcast
                0x08007dc0        0x6 ./Dave/Generated/ETH_LWIP/lwip/netif/ethernet.o
                0x08007dc0                ethbroadcast
 .rodata.ethzero
                0x08007dc6        0x6 ./Dave/Generated/ETH_LWIP/lwip/netif/ethernet.o
                0x08007dc6                ethzero
 .rodata.ip_addr_broadcast
                0x08007dcc        0x4 ./Dave/Generated/ETH_LWIP/lwip/core/ipv4/ip4_addr.o
                0x08007dcc                ip_addr_broadcast
 .rodata.ip_addr_any
                0x08007dd0        0x4 ./Dave/Generated/ETH_LWIP/lwip/core/ipv4/ip4_addr.o
                0x08007dd0                ip_addr_any
 .rodata.memp_PBUF_POOL
                0x08007dd4        0xc ./Dave/Generated/ETH_LWIP/lwip/core/memp.o
                0x08007dd4                memp_PBUF_POOL
 .rodata.memp_TCP_SEG
                0x08007de0        0xc ./Dave/Generated/ETH_LWIP/lwip/core/memp.o
                0x08007de0                memp_TCP_SEG
 .rodata.memp_RAW_PCB
                0x08007dec        0xc ./Dave/Generated/ETH_LWIP/lwip/core/memp.o
                0x08007dec                memp_RAW_PCB
 .rodata.memp_SYS_TIMEOUT
                0x08007df8        0xc ./Dave/Generated/ETH_LWIP/lwip/core/memp.o
                0x08007df8                memp_SYS_TIMEOUT
 .rodata.memp_UDP_PCB
                0x08007e04        0xc ./Dave/Generated/ETH_LWIP/lwip/core/memp.o
                0x08007e04                memp_UDP_PCB
 .rodata.memp_PBUF
                0x08007e10        0xc ./Dave/Generated/ETH_LWIP/lwip/core/memp.o
                0x08007e10                memp_PBUF
 .rodata.memp_TCP_PCB_LISTEN
                0x08007e1c        0xc ./Dave/Generated/ETH_LWIP/lwip/core/memp.o
                0x08007e1c                memp_TCP_PCB_LISTEN
 .rodata.memp_TCP_PCB
                0x08007e28        0xc ./Dave/Generated/ETH_LWIP/lwip/core/memp.o
                0x08007e28                memp_TCP_PCB
 .rodata.memp_pools
                0x08007e34       0x20 ./Dave/Generated/ETH_LWIP/lwip/core/memp.o
                0x08007e34                memp_pools
 .rodata.tcp_pcb_lists
                0x08007e54       0x10 ./Dave/Generated/ETH_LWIP/lwip/core/tcp.o
                0x08007e54                tcp_pcb_lists
 .rodata.tcp_backoff
                0x08007e64        0xd ./Dave/Generated/ETH_LWIP/lwip/core/tcp.o
 .rodata.tcp_persist_backoff
                0x08007e71        0x7 ./Dave/Generated/ETH_LWIP/lwip/core/tcp.o
 .rodata.lwip_cyclic_timers
                0x08007e78       0x20 ./Dave/Generated/ETH_LWIP/lwip/core/timeouts.o
                0x08007e78                lwip_cyclic_timers
 .rodata        0x08007e98       0x14 ./Dave/Generated/CLOCK_XMC4/clock_xmc4_conf.o
 .rodata.IO_GP_pin_list
                0x08007eac       0x40 ./Dave/Generated/BUS_IO/bus_io_conf.o
                0x08007eac                IO_GP_pin_list
 .rodata.IO_GA_8_pin_list
                0x08007eec       0x80 ./Dave/Generated/BUS_IO/bus_io_conf.o
                0x08007eec                IO_GA_8_pin_list
 .rodata.group_ptrs
                0x08007f6c       0x10 ./Dave/Generated/ADC_MEASUREMENT_ADV/adc_measurement_adv.o
                0x08007f6c                group_ptrs
 .rodata.ADC_MEASUREMENT_ADV_1_Channel_E_queue_entry_4
                0x08007f7c        0x4 ./Dave/Generated/ADC_MEASUREMENT_ADV/adc_measurement_adv_conf.o
 .rodata.ADC_MEASUREMENT_ADV_1_Channel_A_handle
                0x08007f80        0xc ./Dave/Generated/ADC_MEASUREMENT_ADV/adc_measurement_adv_conf.o
                0x08007f80                ADC_MEASUREMENT_ADV_1_Channel_A_handle
 .rodata.ADC_MEASUREMENT_ADV_1_Channel_G_queue_entry_6
                0x08007f8c        0x4 ./Dave/Generated/ADC_MEASUREMENT_ADV/adc_measurement_adv_conf.o
 .rodata.ADC_MEASUREMENT_ADV_0_Channel_B_res_config
                0x08007f90        0x4 ./Dave/Generated/ADC_MEASUREMENT_ADV/adc_measurement_adv_conf.o
 .rodata.ADC_MEASUREMENT_ADV_2_Channel_F_res_config
                0x08007f94        0x4 ./Dave/Generated/ADC_MEASUREMENT_ADV/adc_measurement_adv_conf.o
 .rodata.ADC_MEASUREMENT_ADV_2_Channel_C_ch_config
                0x08007f98       0x10 ./Dave/Generated/ADC_MEASUREMENT_ADV/adc_measurement_adv_conf.o
 .rodata.ADC_MEASUREMENT_ADV_2_Channel_D_res_config
                0x08007fa8        0x4 ./Dave/Generated/ADC_MEASUREMENT_ADV/adc_measurement_adv_conf.o
 .rodata.ADC_MEASUREMENT_ADV_1_Channel_D_handle
                0x08007fac        0xc ./Dave/Generated/ADC_MEASUREMENT_ADV/adc_measurement_adv_conf.o
                0x08007fac                ADC_MEASUREMENT_ADV_1_Channel_D_handle
 .rodata.ADC_MEASUREMENT_ADV_1_Channel_G_handle
                0x08007fb8        0xc ./Dave/Generated/ADC_MEASUREMENT_ADV/adc_measurement_adv_conf.o
                0x08007fb8                ADC_MEASUREMENT_ADV_1_Channel_G_handle
 .rodata.ADC_MEASUREMENT_ADV_0_Channel_B_queue_entry_1
                0x08007fc4        0x4 ./Dave/Generated/ADC_MEASUREMENT_ADV/adc_measurement_adv_conf.o
 .rodata.ADC_MEASUREMENT_ADV_1_Channel_H_ch_config
                0x08007fc8       0x10 ./Dave/Generated/ADC_MEASUREMENT_ADV/adc_measurement_adv_conf.o
 .rodata.ADC_MEASUREMENT_ADV_0_Channel_D_queue_entry_3
                0x08007fd8        0x4 ./Dave/Generated/ADC_MEASUREMENT_ADV/adc_measurement_adv_conf.o
 .rodata.ADC_MEASUREMENT_ADV_0_Channel_H_handle
                0x08007fdc        0xc ./Dave/Generated/ADC_MEASUREMENT_ADV/adc_measurement_adv_conf.o
                0x08007fdc                ADC_MEASUREMENT_ADV_0_Channel_H_handle
 .rodata.ADC_MEASUREMENT_ADV_0_Channel_C_ch_config
                0x08007fe8       0x10 ./Dave/Generated/ADC_MEASUREMENT_ADV/adc_measurement_adv_conf.o
 .rodata.ADC_MEASUREMENT_ADV_0_Channel_F_queue_entry_5
                0x08007ff8        0x4 ./Dave/Generated/ADC_MEASUREMENT_ADV/adc_measurement_adv_conf.o
 .rodata.ADC_MEASUREMENT_ADV_0_Channel_G_handle
                0x08007ffc        0xc ./Dave/Generated/ADC_MEASUREMENT_ADV/adc_measurement_adv_conf.o
                0x08007ffc                ADC_MEASUREMENT_ADV_0_Channel_G_handle
 .rodata.ADC_MEASUREMENT_ADV_2_Channel_B_ch_config
                0x08008008       0x10 ./Dave/Generated/ADC_MEASUREMENT_ADV/adc_measurement_adv_conf.o
 .rodata.ADC_MEASUREMENT_ADV_0_Channel_A_res_config
                0x08008018        0x4 ./Dave/Generated/ADC_MEASUREMENT_ADV/adc_measurement_adv_conf.o
 .rodata.ADC_MEASUREMENT_ADV_2_Channel_F_handle
                0x0800801c        0xc ./Dave/Generated/ADC_MEASUREMENT_ADV/adc_measurement_adv_conf.o
                0x0800801c                ADC_MEASUREMENT_ADV_2_Channel_F_handle
 .rodata.ADC_MEASUREMENT_ADV_0_Channel_C_res_config
                0x08008028        0x4 ./Dave/Generated/ADC_MEASUREMENT_ADV/adc_measurement_adv_conf.o
 .rodata.ADC_MEASUREMENT_ADV_1
                0x0800802c       0x1c ./Dave/Generated/ADC_MEASUREMENT_ADV/adc_measurement_adv_conf.o
                0x0800802c                ADC_MEASUREMENT_ADV_1
 .rodata.ADC_MEASUREMENT_ADV_2
                0x08008048       0x1c ./Dave/Generated/ADC_MEASUREMENT_ADV/adc_measurement_adv_conf.o
                0x08008048                ADC_MEASUREMENT_ADV_2
 .rodata.ADC_MEASUREMENT_ADV_2_queue_config
                0x08008064        0xc ./Dave/Generated/ADC_MEASUREMENT_ADV/adc_measurement_adv_conf.o
 .rodata.ADC_MEASUREMENT_ADV_2_Channel_F_ch_config
                0x08008070       0x10 ./Dave/Generated/ADC_MEASUREMENT_ADV/adc_measurement_adv_conf.o
 .rodata.ADC_MEASUREMENT_ADV_1_Channel_A_res_config
                0x08008080        0x4 ./Dave/Generated/ADC_MEASUREMENT_ADV/adc_measurement_adv_conf.o
 .rodata.ADC_MEASUREMENT_ADV_1_Channel_F_queue_entry_5
                0x08008084        0x4 ./Dave/Generated/ADC_MEASUREMENT_ADV/adc_measurement_adv_conf.o
 .rodata.ADC_MEASUREMENT_ADV_1_Channel_H_queue_entry_7
                0x08008088        0x4 ./Dave/Generated/ADC_MEASUREMENT_ADV/adc_measurement_adv_conf.o
 .rodata.ADC_MEASUREMENT_ADV_1_Channel_B_queue_entry_1
                0x0800808c        0x4 ./Dave/Generated/ADC_MEASUREMENT_ADV/adc_measurement_adv_conf.o
 .rodata.ADC_MEASUREMENT_ADV_1_Channel_G_res_config
                0x08008090        0x4 ./Dave/Generated/ADC_MEASUREMENT_ADV/adc_measurement_adv_conf.o
 .rodata.ADC_MEASUREMENT_ADV_1_Channel_B_res_config
                0x08008094        0x4 ./Dave/Generated/ADC_MEASUREMENT_ADV/adc_measurement_adv_conf.o
 .rodata.ADC_MEASUREMENT_ADV_2_Channel_B_handle
                0x08008098        0xc ./Dave/Generated/ADC_MEASUREMENT_ADV/adc_measurement_adv_conf.o
                0x08008098                ADC_MEASUREMENT_ADV_2_Channel_B_handle
 .rodata.ADC_MEASUREMENT_ADV_0_Channel_G_res_config
                0x080080a4        0x4 ./Dave/Generated/ADC_MEASUREMENT_ADV/adc_measurement_adv_conf.o
 .rodata.ADC_MEASUREMENT_ADV_0_Channel_E_queue_entry_4
                0x080080a8        0x4 ./Dave/Generated/ADC_MEASUREMENT_ADV/adc_measurement_adv_conf.o
 .rodata.ADC_MEASUREMENT_ADV_0_Channel_B_ch_config
                0x080080ac       0x10 ./Dave/Generated/ADC_MEASUREMENT_ADV/adc_measurement_adv_conf.o
 .rodata.ADC_MEASUREMENT_ADV_0_Channel_F_ch_config
                0x080080bc       0x10 ./Dave/Generated/ADC_MEASUREMENT_ADV/adc_measurement_adv_conf.o
 .rodata.ADC_MEASUREMENT_ADV_0_Channel_C_queue_entry_2
                0x080080cc        0x4 ./Dave/Generated/ADC_MEASUREMENT_ADV/adc_measurement_adv_conf.o
 .rodata.ADC_MEASUREMENT_ADV_2_Channel_E_ch_config
                0x080080d0       0x10 ./Dave/Generated/ADC_MEASUREMENT_ADV/adc_measurement_adv_conf.o
 .rodata.ADC_MEASUREMENT_ADV_1_Channel_B_handle
                0x080080e0        0xc ./Dave/Generated/ADC_MEASUREMENT_ADV/adc_measurement_adv_conf.o
                0x080080e0                ADC_MEASUREMENT_ADV_1_Channel_B_handle
 .rodata.ADC_MEASUREMENT_ADV_2_Channel_A_res_config
                0x080080ec        0x4 ./Dave/Generated/ADC_MEASUREMENT_ADV/adc_measurement_adv_conf.o
 .rodata.ADC_MEASUREMENT_ADV_1_Channel_A_ch_config
                0x080080f0       0x10 ./Dave/Generated/ADC_MEASUREMENT_ADV/adc_measurement_adv_conf.o
 .rodata.ADC_MEASUREMENT_ADV_0_Channel_G_queue_entry_6
                0x08008100        0x4 ./Dave/Generated/ADC_MEASUREMENT_ADV/adc_measurement_adv_conf.o
 .rodata.ADC_MEASUREMENT_ADV_1_Channel_E_handle
                0x08008104        0xc ./Dave/Generated/ADC_MEASUREMENT_ADV/adc_measurement_adv_conf.o
                0x08008104                ADC_MEASUREMENT_ADV_1_Channel_E_handle
 .rodata.ADC_MEASUREMENT_ADV_2_Channel_B_res_config
                0x08008110        0x4 ./Dave/Generated/ADC_MEASUREMENT_ADV/adc_measurement_adv_conf.o
 .rodata.ADC_MEASUREMENT_ADV_2_Channel_C_res_config
                0x08008114        0x4 ./Dave/Generated/ADC_MEASUREMENT_ADV/adc_measurement_adv_conf.o
 .rodata.ADC_MEASUREMENT_ADV_1_Channel_H_handle
                0x08008118        0xc ./Dave/Generated/ADC_MEASUREMENT_ADV/adc_measurement_adv_conf.o
                0x08008118                ADC_MEASUREMENT_ADV_1_Channel_H_handle
 .rodata.ADC_MEASUREMENT_ADV_0_Channel_B_handle
                0x08008124        0xc ./Dave/Generated/ADC_MEASUREMENT_ADV/adc_measurement_adv_conf.o
                0x08008124                ADC_MEASUREMENT_ADV_0_Channel_B_handle
 .rodata.ADC_MEASUREMENT_ADV_0_Channel_E_ch_config
                0x08008130       0x10 ./Dave/Generated/ADC_MEASUREMENT_ADV/adc_measurement_adv_conf.o
 .rodata.ADC_MEASUREMENT_ADV_0_Channel_E_handle
                0x08008140        0xc ./Dave/Generated/ADC_MEASUREMENT_ADV/adc_measurement_adv_conf.o
                0x08008140                ADC_MEASUREMENT_ADV_0_Channel_E_handle
 .rodata.ADC_MEASUREMENT_ADV_1_Channel_D_ch_config
                0x0800814c       0x10 ./Dave/Generated/ADC_MEASUREMENT_ADV/adc_measurement_adv_conf.o
 .rodata.ADC_MEASUREMENT_ADV_1_Channel_H_res_config
                0x0800815c        0x4 ./Dave/Generated/ADC_MEASUREMENT_ADV/adc_measurement_adv_conf.o
 .rodata.ADC_MEASUREMENT_ADV_2_queue_handle
                0x08008160       0x1c ./Dave/Generated/ADC_MEASUREMENT_ADV/adc_measurement_adv_conf.o
 .rodata.ADC_MEASUREMENT_ADV_2_Channel_D_handle
                0x0800817c        0xc ./Dave/Generated/ADC_MEASUREMENT_ADV/adc_measurement_adv_conf.o
                0x0800817c                ADC_MEASUREMENT_ADV_2_Channel_D_handle
 .rodata.ADC_MEASUREMENT_ADV_0_Channel_D_ch_config
                0x08008188       0x10 ./Dave/Generated/ADC_MEASUREMENT_ADV/adc_measurement_adv_conf.o
 .rodata.ADC_MEASUREMENT_ADV_0_Channel_C_handle
                0x08008198        0xc ./Dave/Generated/ADC_MEASUREMENT_ADV/adc_measurement_adv_conf.o
                0x08008198                ADC_MEASUREMENT_ADV_0_Channel_C_handle
 .rodata.ADC_MEASUREMENT_ADV_1_queue_config
                0x080081a4        0xc ./Dave/Generated/ADC_MEASUREMENT_ADV/adc_measurement_adv_conf.o
 .rodata.ADC_MEASUREMENT_ADV_0_Channel_A_handle
                0x080081b0        0xc ./Dave/Generated/ADC_MEASUREMENT_ADV/adc_measurement_adv_conf.o
                0x080081b0                ADC_MEASUREMENT_ADV_0_Channel_A_handle
 .rodata.ADC_MEASUREMENT_ADV_1_Channel_C_ch_config
                0x080081bc       0x10 ./Dave/Generated/ADC_MEASUREMENT_ADV/adc_measurement_adv_conf.o
 .rodata.ADC_MEASUREMENT_ADV_0_Channel_D_handle
                0x080081cc        0xc ./Dave/Generated/ADC_MEASUREMENT_ADV/adc_measurement_adv_conf.o
                0x080081cc                ADC_MEASUREMENT_ADV_0_Channel_D_handle
 .rodata.ADC_MEASUREMENT_ADV_1_Channel_C_res_config
                0x080081d8        0x4 ./Dave/Generated/ADC_MEASUREMENT_ADV/adc_measurement_adv_conf.o
 .rodata.ADC_MEASUREMENT_ADV_2_Channel_A_queue_entry_0
                0x080081dc        0x4 ./Dave/Generated/ADC_MEASUREMENT_ADV/adc_measurement_adv_conf.o
 .rodata.ADC_MEASUREMENT_ADV_2_Channel_C_queue_entry_2
                0x080081e0        0x4 ./Dave/Generated/ADC_MEASUREMENT_ADV/adc_measurement_adv_conf.o
 .rodata.ADC_MEASUREMENT_ADV_0_Channel_H_queue_entry_7
                0x080081e4        0x4 ./Dave/Generated/ADC_MEASUREMENT_ADV/adc_measurement_adv_conf.o
 .rodata.ADC_MEASUREMENT_ADV_0_Channel_H_ch_config
                0x080081e8       0x10 ./Dave/Generated/ADC_MEASUREMENT_ADV/adc_measurement_adv_conf.o
 .rodata.ADC_MEASUREMENT_ADV_1_Channel_E_ch_config
                0x080081f8       0x10 ./Dave/Generated/ADC_MEASUREMENT_ADV/adc_measurement_adv_conf.o
 .rodata.ADC_MEASUREMENT_ADV_2_Channel_E_queue_entry_4
                0x08008208        0x4 ./Dave/Generated/ADC_MEASUREMENT_ADV/adc_measurement_adv_conf.o
 .rodata.ADC_MEASUREMENT_ADV_1_Channel_B_ch_config
                0x0800820c       0x10 ./Dave/Generated/ADC_MEASUREMENT_ADV/adc_measurement_adv_conf.o
 .rodata.ADC_MEASUREMENT_ADV_1_Channel_G_ch_config
                0x0800821c       0x10 ./Dave/Generated/ADC_MEASUREMENT_ADV/adc_measurement_adv_conf.o
 .rodata.ADC_MEASUREMENT_ADV_0_queue_config
                0x0800822c        0xc ./Dave/Generated/ADC_MEASUREMENT_ADV/adc_measurement_adv_conf.o
 .rodata.ADC_MEASUREMENT_ADV_0_Channel_A_ch_config
                0x08008238       0x10 ./Dave/Generated/ADC_MEASUREMENT_ADV/adc_measurement_adv_conf.o
 .rodata.ADC_MEASUREMENT_ADV_2_Channel_C_handle
                0x08008248        0xc ./Dave/Generated/ADC_MEASUREMENT_ADV/adc_measurement_adv_conf.o
                0x08008248                ADC_MEASUREMENT_ADV_2_Channel_C_handle
 .rodata.ADC_MEASUREMENT_ADV_2_Channel_A_ch_config
                0x08008254       0x10 ./Dave/Generated/ADC_MEASUREMENT_ADV/adc_measurement_adv_conf.o
 .rodata.ADC_MEASUREMENT_ADV_1_Channel_F_handle
                0x08008264        0xc ./Dave/Generated/ADC_MEASUREMENT_ADV/adc_measurement_adv_conf.o
                0x08008264                ADC_MEASUREMENT_ADV_1_Channel_F_handle
 .rodata.ADC_MEASUREMENT_ADV_0_Channel_G_ch_config
                0x08008270       0x10 ./Dave/Generated/ADC_MEASUREMENT_ADV/adc_measurement_adv_conf.o
 .rodata.ADC_MEASUREMENT_ADV_0_Channel_D_res_config
                0x08008280        0x4 ./Dave/Generated/ADC_MEASUREMENT_ADV/adc_measurement_adv_conf.o
 .rodata.ADC_MEASUREMENT_ADV_0
                0x08008284       0x1c ./Dave/Generated/ADC_MEASUREMENT_ADV/adc_measurement_adv_conf.o
                0x08008284                ADC_MEASUREMENT_ADV_0
 .rodata.ADC_MEASUREMENT_ADV_1_Channel_D_queue_entry_3
                0x080082a0        0x4 ./Dave/Generated/ADC_MEASUREMENT_ADV/adc_measurement_adv_conf.o
 .rodata.ADC_MEASUREMENT_ADV_0_queue_handle
                0x080082a4       0x1c ./Dave/Generated/ADC_MEASUREMENT_ADV/adc_measurement_adv_conf.o
 .rodata.ADC_MEASUREMENT_ADV_0_Channel_E_res_config
                0x080082c0        0x4 ./Dave/Generated/ADC_MEASUREMENT_ADV/adc_measurement_adv_conf.o
 .rodata.ADC_MEASUREMENT_ADV_0_Channel_F_handle
                0x080082c4        0xc ./Dave/Generated/ADC_MEASUREMENT_ADV/adc_measurement_adv_conf.o
                0x080082c4                ADC_MEASUREMENT_ADV_0_Channel_F_handle
 .rodata.ADC_MEASUREMENT_ADV_1_Channel_F_ch_config
                0x080082d0       0x10 ./Dave/Generated/ADC_MEASUREMENT_ADV/adc_measurement_adv_conf.o
 .rodata.ADC_MEASUREMENT_ADV_0_Channel_F_res_config
                0x080082e0        0x4 ./Dave/Generated/ADC_MEASUREMENT_ADV/adc_measurement_adv_conf.o
 .rodata.ADC_MEASUREMENT_ADV_0_Channel_A_queue_entry_0
                0x080082e4        0x4 ./Dave/Generated/ADC_MEASUREMENT_ADV/adc_measurement_adv_conf.o
 .rodata.ADC_MEASUREMENT_ADV_2_Channel_E_handle
                0x080082e8        0xc ./Dave/Generated/ADC_MEASUREMENT_ADV/adc_measurement_adv_conf.o
                0x080082e8                ADC_MEASUREMENT_ADV_2_Channel_E_handle
 .rodata.ADC_MEASUREMENT_ADV_1_queue_handle
                0x080082f4       0x1c ./Dave/Generated/ADC_MEASUREMENT_ADV/adc_measurement_adv_conf.o
 .rodata.ADC_MEASUREMENT_ADV_1_Channel_D_res_config
                0x08008310        0x4 ./Dave/Generated/ADC_MEASUREMENT_ADV/adc_measurement_adv_conf.o
 .rodata.ADC_MEASUREMENT_ADV_2_Channel_B_queue_entry_1
                0x08008314        0x4 ./Dave/Generated/ADC_MEASUREMENT_ADV/adc_measurement_adv_conf.o
 .rodata.ADC_MEASUREMENT_ADV_2_Channel_D_queue_entry_3
                0x08008318        0x4 ./Dave/Generated/ADC_MEASUREMENT_ADV/adc_measurement_adv_conf.o
 .rodata.ADC_MEASUREMENT_ADV_1_Channel_E_res_config
                0x0800831c        0x4 ./Dave/Generated/ADC_MEASUREMENT_ADV/adc_measurement_adv_conf.o
 .rodata.ADC_MEASUREMENT_ADV_2_Channel_F_queue_entry_5
                0x08008320        0x4 ./Dave/Generated/ADC_MEASUREMENT_ADV/adc_measurement_adv_conf.o
 .rodata.ADC_MEASUREMENT_ADV_1_Channel_F_res_config
                0x08008324        0x4 ./Dave/Generated/ADC_MEASUREMENT_ADV/adc_measurement_adv_conf.o
 .rodata.ADC_MEASUREMENT_ADV_2_Channel_D_ch_config
                0x08008328       0x10 ./Dave/Generated/ADC_MEASUREMENT_ADV/adc_measurement_adv_conf.o
 .rodata.ADC_MEASUREMENT_ADV_0_Channel_H_res_config
                0x08008338        0x4 ./Dave/Generated/ADC_MEASUREMENT_ADV/adc_measurement_adv_conf.o
 .rodata.ADC_MEASUREMENT_ADV_2_Channel_A_handle
                0x0800833c        0xc ./Dave/Generated/ADC_MEASUREMENT_ADV/adc_measurement_adv_conf.o
                0x0800833c                ADC_MEASUREMENT_ADV_2_Channel_A_handle
 .rodata.ADC_MEASUREMENT_ADV_1_Channel_A_queue_entry_0
                0x08008348        0x4 ./Dave/Generated/ADC_MEASUREMENT_ADV/adc_measurement_adv_conf.o
 .rodata.ADC_MEASUREMENT_ADV_1_Channel_C_queue_entry_2
                0x0800834c        0x4 ./Dave/Generated/ADC_MEASUREMENT_ADV/adc_measurement_adv_conf.o
 .rodata.ADC_MEASUREMENT_ADV_1_Channel_C_handle
                0x08008350        0xc ./Dave/Generated/ADC_MEASUREMENT_ADV/adc_measurement_adv_conf.o
                0x08008350                ADC_MEASUREMENT_ADV_1_Channel_C_handle
 .rodata.ADC_MEASUREMENT_ADV_2_Channel_E_res_config
                0x0800835c        0x4 ./Dave/Generated/ADC_MEASUREMENT_ADV/adc_measurement_adv_conf.o
 .rodata.str1.1
                0x08008360        0x2 c:/dave-ide-4.4.2-64bit/dave-ide-4.4.2-64bit/eclipse/arm-gcc-49/bin/../lib/gcc/arm-none-eabi/4.9.3/../../../../arm-none-eabi/lib/armv7e-m/softfp\libc_nano.a(lib_a-impure.o)
 *(.gnu.linkonce.r*)
 *(vtable)
                0x08008364                . = ALIGN (0x4)
 *fill*         0x08008362        0x2 

.glue_7         0x08008364        0x0 load address 0x0c008364
 .glue_7        0x00000000        0x0 linker stubs

.glue_7t        0x08008364        0x0 load address 0x0c008364
 .glue_7t       0x00000000        0x0 linker stubs

.vfp11_veneer   0x08008364        0x0 load address 0x0c008364
 .vfp11_veneer  0x00000000        0x0 linker stubs

.v4_bx          0x08008364        0x0 load address 0x0c008364
 .v4_bx         0x00000000        0x0 linker stubs

.iplt           0x08008364        0x0 load address 0x0c008364
 .iplt          0x00000000        0x0 ./Startup/startup_XMC4700.o

.rel.dyn        0x08008364        0x0 load address 0x0c008364
 .rel.iplt      0x00000000        0x0 ./Startup/startup_XMC4700.o

.eh_frame_hdr
 *(.eh_frame_hdr)

.eh_frame
 *(.eh_frame)

.ARM.extab
 *(.ARM.extab* .gnu.linkonce.armextab.*)
                0x08008364                . = ALIGN (0x4)
                0x08008364                __exidx_start = .

.ARM.exidx
 *(.ARM.exidx* .gnu.linkonce.armexidx.*)
                0x08008364                __exidx_end = .
                0x08008364                . = ALIGN (0x4)

Stack           0x1ffe8000      0x800
                0x1ffe8000                __stack_start = .
                0x1ffe8800                . = (. + stack_size)
 *fill*         0x1ffe8000      0x800 
                0x1ffe8800                __stack_end = .
                0x1ffe8800                __initial_sp = .

.ram_code       0x1ffe8800        0x0 load address 0x0c008364
                0x1ffe8800                . = ALIGN (0x4)
                0x1ffe8800                __ram_code_start = .
 *(.ram_code)
                0x1ffe8800                . = ALIGN (0x4)
                0x1ffe8800                __ram_code_end = .
                0x0c008364                __ram_code_load = LOADADDR (.ram_code)
                0x00000000                __ram_code_size = (__ram_code_end - __ram_code_start)

.data           0x1ffe8800      0x2f0 load address 0x0c008364
                0x1ffe8800                . = ALIGN (0x4)
                0x1ffe8800                __data_start = .
 *(.data)
 *(.data*)
 .data.UART_0   0x1ffe8800        0xc ./Dave/Generated/UART/uart_conf.o
                0x1ffe8800                UART_0
 .data.SPI_MASTER_1_MOSI_Config
                0x1ffe880c       0x14 ./Dave/Generated/SPI_MASTER/spi_master_conf.o
                0x1ffe880c                SPI_MASTER_1_MOSI_Config
 .data.SPI_MASTER_1
                0x1ffe8820        0xc ./Dave/Generated/SPI_MASTER/spi_master_conf.o
                0x1ffe8820                SPI_MASTER_1
 .data.SPI_MASTER_2
                0x1ffe882c        0xc ./Dave/Generated/SPI_MASTER/spi_master_conf.o
                0x1ffe882c                SPI_MASTER_2
 .data.SPI_MASTER_2_Channel_Config
                0x1ffe8838        0x8 ./Dave/Generated/SPI_MASTER/spi_master_conf.o
                0x1ffe8838                SPI_MASTER_2_Channel_Config
 .data.SPI_MASTER_1_runtime
                0x1ffe8840       0x24 ./Dave/Generated/SPI_MASTER/spi_master_conf.o
                0x1ffe8840                SPI_MASTER_1_runtime
 .data.SPI_MASTER_0_runtime
                0x1ffe8864       0x24 ./Dave/Generated/SPI_MASTER/spi_master_conf.o
                0x1ffe8864                SPI_MASTER_0_runtime
 .data.SPI_MASTER_0_MOSI_Config