   1              	 .syntax unified
   2              	 .cpu cortex-m4
   3              	 .eabi_attribute 27,3
   4              	 .fpu fpv4-sp-d16
   5              	 .eabi_attribute 20,1
   6              	 .eabi_attribute 21,1
   7              	 .eabi_attribute 23,3
   8              	 .eabi_attribute 24,1
   9              	 .eabi_attribute 25,1
  10              	 .eabi_attribute 26,1
  11              	 .eabi_attribute 30,4
  12              	 .eabi_attribute 34,1
  13              	 .eabi_attribute 18,4
  14              	 .thumb
  15              	 .file "main.c"
  16              	 .section .text.startup.main,"ax",%progbits
  17              	 .align 1
  18              	 .global main
  19              	 .thumb
  20              	 .thumb_func
  22              	main:
  23              	 
  24              	 
  25 0000 13B5     	 push {r0,r1,r4,lr}
  26 0002 4FF49170 	 mov r0,#290
  27 0006 FFF7FEFF 	 bl cycledelay
  28 000a FFF7FEFF 	 bl DAVE_Init
  29 000e 0446     	 mov r4,r0
  30 0010 FFF7FEFF 	 bl bmi055_start
  31 0014 FFF7FEFF 	 bl udp_initialize
  32 0018 4823     	 movs r3,#72
  33 001a 8DF80030 	 strb r3,[sp]
  34 001e 4123     	 movs r3,#65
  35 0020 8DF80130 	 strb r3,[sp,#1]
  36 0024 4C23     	 movs r3,#76
  37 0026 8DF80230 	 strb r3,[sp,#2]
  38 002a 8DF80330 	 strb r3,[sp,#3]
  39 002e 4F23     	 movs r3,#79
  40 0030 8DF80430 	 strb r3,[sp,#4]
  41 0034 2123     	 movs r3,#33
  42 0036 8DF80530 	 strb r3,[sp,#5]
  43 003a 8DF80630 	 strb r3,[sp,#6]
  44 003e 04B1     	 cbz r4,.L2
  45              	.L5:
  46 0040 FEE7     	 b .L5
  47              	.L2:
  48 0042 8DF80730 	 strb r3,[sp,#7]
  49              	.L4:
  50 0046 0348     	 ldr r0,.L7
  51 0048 FFF7FEFF 	 bl cycledelay
  52 004c 6846     	 mov r0,sp
  53 004e FFF7FEFF 	 bl udp_printStruct
  54 0052 F8E7     	 b .L4
  55              	.L8:
  56              	 .align 2
  57              	.L7:
  58 0054 50A06E00 	 .word 7250000
  60              	 .comm echo_netif,4,4
  61              	 .comm gyro_register,4,1
  62              	 .comm acceleration_register,4,1
  63              	 .global master_rec_data
  64              	 .comm returnaddr,4,4
  65              	 .comm UDPBuffer,4,4
  66              	 .comm com_pcb,4,4
  67              	 .section .bss.master_rec_data,"aw",%nobits
  68              	 .align 2
  71              	master_rec_data:
  72 0000 00000000 	 .space 4
  73              	 .ident "GCC: (GNU Tools for ARM Embedded Processors) 4.9.3 20141119 (release) [ARM/embedded-4_9-branch revision 218278]"
DEFINED SYMBOLS
                            *ABS*:00000000 main.c
    {standard input}:17     .text.startup.main:00000000 $t
    {standard input}:22     .text.startup.main:00000000 main
    {standard input}:58     .text.startup.main:00000054 $d
                            *COM*:00000004 echo_netif
                            *COM*:00000004 gyro_register
                            *COM*:00000004 acceleration_register
    {standard input}:71     .bss.master_rec_data:00000000 master_rec_data
                            *COM*:00000004 returnaddr
                            *COM*:00000004 UDPBuffer
                            *COM*:00000004 com_pcb
    {standard input}:68     .bss.master_rec_data:00000000 $d

UNDEFINED SYMBOLS
cycledelay
DAVE_Init
bmi055_start
udp_initialize
udp_printStruct
